Archive member included to satisfy reference by file (symbol)

/home/ayush/Ac6/SystemWorkbench/plugins/fr.ac6.mcu.externaltools.arm-none.linux64_1.13.1.201705091103/tools/compiler/bin/../lib/gcc/arm-none-eabi/5.4.1/../../../../arm-none-eabi/lib/armv7-m/libc_nano.a(lib_a-exit.o)
                              /home/ayush/Ac6/SystemWorkbench/plugins/fr.ac6.mcu.externaltools.arm-none.linux64_1.13.1.201705091103/tools/compiler/bin/../lib/gcc/arm-none-eabi/5.4.1/../../../../arm-none-eabi/lib/armv7-m/crt0.o (exit)
/home/ayush/Ac6/SystemWorkbench/plugins/fr.ac6.mcu.externaltools.arm-none.linux64_1.13.1.201705091103/tools/compiler/bin/../lib/gcc/arm-none-eabi/5.4.1/../../../../arm-none-eabi/lib/armv7-m/libc_nano.a(lib_a-impure.o)
                              /home/ayush/Ac6/SystemWorkbench/plugins/fr.ac6.mcu.externaltools.arm-none.linux64_1.13.1.201705091103/tools/compiler/bin/../lib/gcc/arm-none-eabi/5.4.1/../../../../arm-none-eabi/lib/armv7-m/libc_nano.a(lib_a-exit.o) (_global_impure_ptr)
/home/ayush/Ac6/SystemWorkbench/plugins/fr.ac6.mcu.externaltools.arm-none.linux64_1.13.1.201705091103/tools/compiler/bin/../lib/gcc/arm-none-eabi/5.4.1/../../../../arm-none-eabi/lib/armv7-m/libc_nano.a(lib_a-init.o)
                              /home/ayush/Ac6/SystemWorkbench/plugins/fr.ac6.mcu.externaltools.arm-none.linux64_1.13.1.201705091103/tools/compiler/bin/../lib/gcc/arm-none-eabi/5.4.1/../../../../arm-none-eabi/lib/armv7-m/crt0.o (__libc_init_array)
/home/ayush/Ac6/SystemWorkbench/plugins/fr.ac6.mcu.externaltools.arm-none.linux64_1.13.1.201705091103/tools/compiler/bin/../lib/gcc/arm-none-eabi/5.4.1/../../../../arm-none-eabi/lib/armv7-m/libc_nano.a(lib_a-memset.o)
                              /home/ayush/Ac6/SystemWorkbench/plugins/fr.ac6.mcu.externaltools.arm-none.linux64_1.13.1.201705091103/tools/compiler/bin/../lib/gcc/arm-none-eabi/5.4.1/../../../../arm-none-eabi/lib/armv7-m/crt0.o (memset)
/home/ayush/Ac6/SystemWorkbench/plugins/fr.ac6.mcu.externaltools.arm-none.linux64_1.13.1.201705091103/tools/compiler/bin/../lib/gcc/arm-none-eabi/5.4.1/../../../../arm-none-eabi/lib/armv7-m/libnosys.a(_exit.o)
                              /home/ayush/Ac6/SystemWorkbench/plugins/fr.ac6.mcu.externaltools.arm-none.linux64_1.13.1.201705091103/tools/compiler/bin/../lib/gcc/arm-none-eabi/5.4.1/../../../../arm-none-eabi/lib/armv7-m/libc_nano.a(lib_a-exit.o) (_exit)

Allocating common symbols
Common symbol       size              file

BuffLength          0x4               Src/usbd_cdc_if.o
UartHandle          0x40              Src/usbd_cdc_if.o
hpcd                0x420             Src/usbd_conf.o
pFlash              0x20              Drivers/STM32F1xx_HAL_Driver/Src/stm32f1xx_hal_flash.o
USBD_Device         0x224             Src/main.o
UserTxBuffer        0x800             Src/usbd_cdc_if.o
UserRxBuffer        0x800             Src/usbd_cdc_if.o
USBD_StrDesc        0x100             Src/usbd_desc.o
TimHandle           0x3c              Src/usbd_cdc_if.o

Discarded input sections

 .text          0x00000000        0x0 /home/ayush/Ac6/SystemWorkbench/plugins/fr.ac6.mcu.externaltools.arm-none.linux64_1.13.1.201705091103/tools/compiler/bin/../lib/gcc/arm-none-eabi/5.4.1/armv7-m/crti.o
 .data          0x00000000        0x0 /home/ayush/Ac6/SystemWorkbench/plugins/fr.ac6.mcu.externaltools.arm-none.linux64_1.13.1.201705091103/tools/compiler/bin/../lib/gcc/arm-none-eabi/5.4.1/armv7-m/crti.o
 .bss           0x00000000        0x0 /home/ayush/Ac6/SystemWorkbench/plugins/fr.ac6.mcu.externaltools.arm-none.linux64_1.13.1.201705091103/tools/compiler/bin/../lib/gcc/arm-none-eabi/5.4.1/armv7-m/crti.o
 .data          0x00000000        0x4 /home/ayush/Ac6/SystemWorkbench/plugins/fr.ac6.mcu.externaltools.arm-none.linux64_1.13.1.201705091103/tools/compiler/bin/../lib/gcc/arm-none-eabi/5.4.1/armv7-m/crtbegin.o
 .text          0x00000000       0x74 /home/ayush/Ac6/SystemWorkbench/plugins/fr.ac6.mcu.externaltools.arm-none.linux64_1.13.1.201705091103/tools/compiler/bin/../lib/gcc/arm-none-eabi/5.4.1/../../../../arm-none-eabi/lib/armv7-m/crt0.o
 .data          0x00000000        0x0 /home/ayush/Ac6/SystemWorkbench/plugins/fr.ac6.mcu.externaltools.arm-none.linux64_1.13.1.201705091103/tools/compiler/bin/../lib/gcc/arm-none-eabi/5.4.1/../../../../arm-none-eabi/lib/armv7-m/crt0.o
 .bss           0x00000000        0x0 /home/ayush/Ac6/SystemWorkbench/plugins/fr.ac6.mcu.externaltools.arm-none.linux64_1.13.1.201705091103/tools/compiler/bin/../lib/gcc/arm-none-eabi/5.4.1/../../../../arm-none-eabi/lib/armv7-m/crt0.o
 .ARM.extab     0x00000000        0x0 /home/ayush/Ac6/SystemWorkbench/plugins/fr.ac6.mcu.externaltools.arm-none.linux64_1.13.1.201705091103/tools/compiler/bin/../lib/gcc/arm-none-eabi/5.4.1/../../../../arm-none-eabi/lib/armv7-m/crt0.o
[...]
Memory Configuration

Name             Origin             Length             Attributes
RAM              0x20000000         0x00005000         xrw
FLASH            0x08000000         0x00010000         xr
*default*        0x00000000         0xffffffff

Linker script and memory map

LOAD /home/ayush/Ac6/SystemWorkbench/plugins/fr.ac6.mcu.externaltools.arm-none.linux64_1.13.1.201705091103/tools/compiler/bin/../lib/gcc/arm-none-eabi/5.4.1/armv7-m/crti.o
LOAD /home/ayush/Ac6/SystemWorkbench/plugins/fr.ac6.mcu.externaltools.arm-none.linux64_1.13.1.201705091103/tools/compiler/bin/../lib/gcc/arm-none-eabi/5.4.1/armv7-m/crtbegin.o
LOAD /home/ayush/Ac6/SystemWorkbench/plugins/fr.ac6.mcu.externaltools.arm-none.linux64_1.13.1.201705091103/tools/compiler/bin/../lib/gcc/arm-none-eabi/5.4.1/../../../../arm-none-eabi/lib/armv7-m/crt0.o
LOAD Drivers/STM32F1xx_HAL_Driver/Src/stm32f1xx_hal.o
LOAD Drivers/STM32F1xx_HAL_Driver/Src/stm32f1xx_hal_cortex.o
LOAD Drivers/STM32F1xx_HAL_Driver/Src/stm32f1xx_hal_dma.o
LOAD Drivers/STM32F1xx_HAL_Driver/Src/stm32f1xx_hal_flash.o
LOAD Drivers/STM32F1xx_HAL_Driver/Src/stm32f1xx_hal_flash_ex.o
LOAD Drivers/STM32F1xx_HAL_Driver/Src/stm32f1xx_hal_gpio.o
LOAD Drivers/STM32F1xx_HAL_Driver/Src/stm32f1xx_hal_gpio_ex.o
LOAD Drivers/STM32F1xx_HAL_Driver/Src/stm32f1xx_hal_pcd.o
LOAD Drivers/STM32F1xx_HAL_Driver/Src/stm32f1xx_hal_pcd_ex.o
LOAD Drivers/STM32F1xx_HAL_Driver/Src/stm32f1xx_hal_pwr.o
LOAD Drivers/STM32F1xx_HAL_Driver/Src/stm32f1xx_hal_rcc.o
LOAD Drivers/STM32F1xx_HAL_Driver/Src/stm32f1xx_hal_rcc_ex.o
LOAD Drivers/STM32F1xx_HAL_Driver/Src/stm32f1xx_hal_tim.o
LOAD Drivers/STM32F1xx_HAL_Driver/Src/stm32f1xx_hal_tim_ex.o
LOAD Drivers/STM32F1xx_HAL_Driver/Src/stm32f1xx_hal_uart.o
LOAD Drivers/STM32F1xx_HAL_Driver/Src/stm32f1xx_ll_usb.o
LOAD Middlewares/ST/STM32_USB_Device_Library/Class/CDC/Src/usbd_cdc.o
LOAD Middlewares/ST/STM32_USB_Device_Library/Core/Src/usbd_core.o
LOAD Middlewares/ST/STM32_USB_Device_Library/Core/Src/usbd_ctlreq.o
LOAD Middlewares/ST/STM32_USB_Device_Library/Core/Src/usbd_ioreq.o
LOAD Src/main.o
LOAD Src/stm32f1xx_hal_msp.o
LOAD Src/stm32f1xx_it.o
LOAD Src/system_stm32f1xx.o
LOAD Src/usbd_cdc_if.o
LOAD Src/usbd_conf.o
LOAD Src/usbd_desc.o
LOAD startup/startup_stm32f103xb.o
LOAD /home/ayush/Ac6/SystemWorkbench/plugins/fr.ac6.mcu.externaltools.arm-none.linux64_1.13.1.201705091103/tools/compiler/bin/../lib/gcc/arm-none-eabi/5.4.1/../../../../arm-none-eabi/lib/armv7-m/libm.a
START GROUP
LOAD /home/ayush/Ac6/SystemWorkbench/plugins/fr.ac6.mcu.externaltools.arm-none.linux64_1.13.1.201705091103/tools/compiler/bin/../lib/gcc/arm-none-eabi/5.4.1/armv7-m/libgcc.a
LOAD /home/ayush/Ac6/SystemWorkbench/plugins/fr.ac6.mcu.externaltools.arm-none.linux64_1.13.1.201705091103/tools/compiler/bin/../lib/gcc/arm-none-eabi/5.4.1/../../../../arm-none-eabi/lib/armv7-m/libc_nano.a
END GROUP
START GROUP
LOAD /home/ayush/Ac6/SystemWorkbench/plugins/fr.ac6.mcu.externaltools.arm-none.linux64_1.13.1.201705091103/tools/compiler/bin/../lib/gcc/arm-none-eabi/5.4.1/armv7-m/libgcc.a
LOAD /home/ayush/Ac6/SystemWorkbench/plugins/fr.ac6.mcu.externaltools.arm-none.linux64_1.13.1.201705091103/tools/compiler/bin/../lib/gcc/arm-none-eabi/5.4.1/../../../../arm-none-eabi/lib/armv7-m/libc_nano.a
LOAD /home/ayush/Ac6/SystemWorkbench/plugins/fr.ac6.mcu.externaltools.arm-none.linux64_1.13.1.201705091103/tools/compiler/bin/../lib/gcc/arm-none-eabi/5.4.1/../../../../arm-none-eabi/lib/armv7-m/libnosys.a
END GROUP
START GROUP
LOAD /home/ayush/Ac6/SystemWorkbench/plugins/fr.ac6.mcu.externaltools.arm-none.linux64_1.13.1.201705091103/tools/compiler/bin/../lib/gcc/arm-none-eabi/5.4.1/armv7-m/libgcc.a
LOAD /home/ayush/Ac6/SystemWorkbench/plugins/fr.ac6.mcu.externaltools.arm-none.linux64_1.13.1.201705091103/tools/compiler/bin/../lib/gcc/arm-none-eabi/5.4.1/../../../../arm-none-eabi/lib/armv7-m/libc_nano.a
LOAD /home/ayush/Ac6/SystemWorkbench/plugins/fr.ac6.mcu.externaltools.arm-none.linux64_1.13.1.201705091103/tools/compiler/bin/../lib/gcc/arm-none-eabi/5.4.1/../../../../arm-none-eabi/lib/armv7-m/libnosys.a
END GROUP
LOAD /home/ayush/Ac6/SystemWorkbench/plugins/fr.ac6.mcu.externaltools.arm-none.linux64_1.13.1.201705091103/tools/compiler/bin/../lib/gcc/arm-none-eabi/5.4.1/armv7-m/crtend.o
LOAD /home/ayush/Ac6/SystemWorkbench/plugins/fr.ac6.mcu.externaltools.arm-none.linux64_1.13.1.201705091103/tools/compiler/bin/../lib/gcc/arm-none-eabi/5.4.1/armv7-m/crtn.o
                0x20005000                _estack = 0x20005000
                0x00000200                _Min_Heap_Size = 0x200
                0x00000400                _Min_Stack_Size = 0x400

.isr_vector     0x08000000      0x10c
                0x08000000                . = ALIGN (0x4)
 *(.isr_vector)
 .isr_vector    0x08000000      0x10c startup/startup_stm32f103xb.o
                0x08000000                g_pfnVectors
                0x0800010c                . = ALIGN (0x4)

.text           0x0800010c     0x4160
                0x0800010c                . = ALIGN (0x4)
 *(.text)
 .text          0x0800010c       0x5c /home/ayush/Ac6/SystemWorkbench/plugins/fr.ac6.mcu.externaltools.arm-none.linux64_1.13.1.201705091103/tools/compiler/bin/../lib/gcc/arm-none-eabi/5.4.1/armv7-m/crtbegin.o
 *(.text*)
 .text.HAL_MspInit
                0x08000168        0x4 Drivers/STM32F1xx_HAL_Driver/Src/stm32f1xx_hal.o
                0x08000168                HAL_MspInit
 .text.HAL_InitTick
                0x0800016c       0x28 Drivers/STM32F1xx_HAL_Driver/Src/stm32f1xx_hal.o
                0x0800016c                HAL_InitTick
 .text.HAL_Init
                0x08000194       0x24 Drivers/STM32F1xx_HAL_Driver/Src/stm32f1xx_hal.o
                0x08000194                HAL_Init
 .text.HAL_IncTick
                0x080001b8       0x10 Drivers/STM32F1xx_HAL_Driver/Src/stm32f1xx_hal.o
                0x080001b8                HAL_IncTick
 .text.HAL_GetTick
                0x080001c8        0xc Drivers/STM32F1xx_HAL_Driver/Src/stm32f1xx_hal.o
                0x080001c8                HAL_GetTick
 .text.HAL_Delay
                0x080001d4       0x1c Drivers/STM32F1xx_HAL_Driver/Src/stm32f1xx_hal.o
                0x080001d4                HAL_Delay
 .text.HAL_NVIC_SetPriorityGrouping
                0x080001f0       0x24 Drivers/STM32F1xx_HAL_Driver/Src/stm32f1xx_hal_cortex.o
                0x080001f0                HAL_NVIC_SetPriorityGrouping
 .text.HAL_NVIC_SetPriority
                0x08000214       0x64 Drivers/STM32F1xx_HAL_Driver/Src/stm32f1xx_hal_cortex.o
                0x08000214                HAL_NVIC_SetPriority
 .text.HAL_NVIC_EnableIRQ
                0x08000278       0x18 Drivers/STM32F1xx_HAL_Driver/Src/stm32f1xx_hal_cortex.o
                0x08000278                HAL_NVIC_EnableIRQ
 .text.HAL_NVIC_DisableIRQ
                0x08000290       0x1c Drivers/STM32F1xx_HAL_Driver/Src/stm32f1xx_hal_cortex.o
                0x08000290                HAL_NVIC_DisableIRQ
 .text.HAL_SYSTICK_Config
                0x080002ac       0x2c Drivers/STM32F1xx_HAL_Driver/Src/stm32f1xx_hal_cortex.o
                0x080002ac                HAL_SYSTICK_Config
 .text.DMA_SetConfig
                0x080002d8       0x24 Drivers/STM32F1xx_HAL_Driver/Src/stm32f1xx_hal_dma.o
 .text.HAL_DMA_Init
                0x080002fc       0x54 Drivers/STM32F1xx_HAL_Driver/Src/stm32f1xx_hal_dma.o
                0x080002fc                HAL_DMA_Init
 .text.HAL_DMA_Start_IT
                0x08000350       0x58 Drivers/STM32F1xx_HAL_Driver/Src/stm32f1xx_hal_dma.o
                0x08000350                HAL_DMA_Start_IT
 .text.HAL_DMA_IRQHandler
                0x080003a8      0x270 Drivers/STM32F1xx_HAL_Driver/Src/stm32f1xx_hal_dma.o
                0x080003a8                HAL_DMA_IRQHandler
 .text.HAL_GPIO_Init
                0x08000618      0x1d8 Drivers/STM32F1xx_HAL_Driver/Src/stm32f1xx_hal_gpio.o
                0x08000618                HAL_GPIO_Init
 .text.HAL_GPIO_DeInit
                0x080007f0       0xdc Drivers/STM32F1xx_HAL_Driver/Src/stm32f1xx_hal_gpio.o
                0x080007f0                HAL_GPIO_DeInit
 .text.HAL_GPIO_WritePin
                0x080008cc        0xc Drivers/STM32F1xx_HAL_Driver/Src/stm32f1xx_hal_gpio.o
                0x080008cc                HAL_GPIO_WritePin
 .text.HAL_GPIO_TogglePin
                0x080008d8        0x8 Drivers/STM32F1xx_HAL_Driver/Src/stm32f1xx_hal_gpio.o
                0x080008d8                HAL_GPIO_TogglePin
 .text.HAL_PCD_Init
                0x080008e0       0xdc Drivers/STM32F1xx_HAL_Driver/Src/stm32f1xx_hal_pcd.o
                0x080008e0                HAL_PCD_Init
 .text.HAL_PCD_Start
                0x080009bc       0x30 Drivers/STM32F1xx_HAL_Driver/Src/stm32f1xx_hal_pcd.o
                0x080009bc                HAL_PCD_Start
 .text.HAL_PCD_SetAddress
                0x080009ec       0x28 Drivers/STM32F1xx_HAL_Driver/Src/stm32f1xx_hal_pcd.o
                0x080009ec                HAL_PCD_SetAddress
 .text.HAL_PCD_EP_Open
                0x08000a14       0x54 Drivers/STM32F1xx_HAL_Driver/Src/stm32f1xx_hal_pcd.o
                0x08000a14                HAL_PCD_EP_Open
 .text.HAL_PCD_EP_Close
                0x08000a68       0x50 Drivers/STM32F1xx_HAL_Driver/Src/stm32f1xx_hal_pcd.o
                0x08000a68                HAL_PCD_EP_Close
 .text.HAL_PCD_EP_Receive
                0x08000ab8       0x58 Drivers/STM32F1xx_HAL_Driver/Src/stm32f1xx_hal_pcd.o
                0x08000ab8                HAL_PCD_EP_Receive
 .text.HAL_PCD_EP_GetRxCount
                0x08000b10       0x10 Drivers/STM32F1xx_HAL_Driver/Src/stm32f1xx_hal_pcd.o
                0x08000b10                HAL_PCD_EP_GetRxCount
 .text.HAL_PCD_EP_Transmit
                0x08000b20       0x54 Drivers/STM32F1xx_HAL_Driver/Src/stm32f1xx_hal_pcd.o
                0x08000b20                HAL_PCD_EP_Transmit
 .text.PCD_EP_ISR_Handler
                0x08000b74      0x45c Drivers/STM32F1xx_HAL_Driver/Src/stm32f1xx_hal_pcd.o
 .text.HAL_PCD_IRQHandler
                0x08000fd0      0x154 Drivers/STM32F1xx_HAL_Driver/Src/stm32f1xx_hal_pcd.o
                0x08000fd0                HAL_PCD_IRQHandler
 .text.HAL_PCD_EP_SetStall
                0x08001124       0x5c Drivers/STM32F1xx_HAL_Driver/Src/stm32f1xx_hal_pcd.o
                0x08001124                HAL_PCD_EP_SetStall
 .text.HAL_PCD_EP_ClrStall
                0x08001180       0x50 Drivers/STM32F1xx_HAL_Driver/Src/stm32f1xx_hal_pcd.o
                0x08001180                HAL_PCD_EP_ClrStall
 .text.HAL_PCDEx_PMAConfig
                0x080011d0       0x38 Drivers/STM32F1xx_HAL_Driver/Src/stm32f1xx_hal_pcd_ex.o
                0x080011d0                HAL_PCDEx_PMAConfig
 .text.HAL_RCC_OscConfig
                0x08001208      0x5ec Drivers/STM32F1xx_HAL_Driver/Src/stm32f1xx_hal_rcc.o
                0x08001208                HAL_RCC_OscConfig
 .text.HAL_RCC_GetSysClockFreq
                0x080017f4       0x94 Drivers/STM32F1xx_HAL_Driver/Src/stm32f1xx_hal_rcc.o
                0x080017f4                HAL_RCC_GetSysClockFreq
 .text.HAL_RCC_ClockConfig
                0x08001888      0x1e4 Drivers/STM32F1xx_HAL_Driver/Src/stm32f1xx_hal_rcc.o
                0x08001888                HAL_RCC_ClockConfig
 .text.HAL_RCC_GetHCLKFreq
                0x08001a6c        0xc Drivers/STM32F1xx_HAL_Driver/Src/stm32f1xx_hal_rcc.o
                0x08001a6c                HAL_RCC_GetHCLKFreq
 .text.HAL_RCC_GetPCLK1Freq
                0x08001a78       0x30 Drivers/STM32F1xx_HAL_Driver/Src/stm32f1xx_hal_rcc.o
                0x08001a78                HAL_RCC_GetPCLK1Freq
 .text.HAL_RCC_GetPCLK2Freq
                0x08001aa8       0x30 Drivers/STM32F1xx_HAL_Driver/Src/stm32f1xx_hal_rcc.o
                0x08001aa8                HAL_RCC_GetPCLK2Freq
 .text.HAL_RCCEx_PeriphCLKConfig
                0x08001ad8      0x138 Drivers/STM32F1xx_HAL_Driver/Src/stm32f1xx_hal_rcc_ex.o
                0x08001ad8                HAL_RCCEx_PeriphCLKConfig
 .text.HAL_TIM_Base_MspInit
                0x08001c10        0x4 Drivers/STM32F1xx_HAL_Driver/Src/stm32f1xx_hal_tim.o
                0x08001c10                HAL_TIM_Base_MspInit
 .text.HAL_TIM_Base_Start_IT
                0x08001c14       0x18 Drivers/STM32F1xx_HAL_Driver/Src/stm32f1xx_hal_tim.o
                0x08001c14                HAL_TIM_Base_Start_IT
 .text.HAL_TIM_OC_DelayElapsedCallback
                0x08001c2c        0x4 Drivers/STM32F1xx_HAL_Driver/Src/stm32f1xx_hal_tim.o
                0x08001c2c                HAL_TIM_OC_DelayElapsedCallback
 .text.HAL_TIM_IC_CaptureCallback
                0x08001c30        0x4 Drivers/STM32F1xx_HAL_Driver/Src/stm32f1xx_hal_tim.o
                0x08001c30                HAL_TIM_IC_CaptureCallback
 .text.HAL_TIM_PWM_PulseFinishedCallback
                0x08001c34        0x4 Drivers/STM32F1xx_HAL_Driver/Src/stm32f1xx_hal_tim.o
                0x08001c34                HAL_TIM_PWM_PulseFinishedCallback
 .text.HAL_TIM_TriggerCallback
                0x08001c38        0x4 Drivers/STM32F1xx_HAL_Driver/Src/stm32f1xx_hal_tim.o
                0x08001c38                HAL_TIM_TriggerCallback
 .text.HAL_TIM_IRQHandler
                0x08001c3c      0x174 Drivers/STM32F1xx_HAL_Driver/Src/stm32f1xx_hal_tim.o
                0x08001c3c                HAL_TIM_IRQHandler
 .text.TIM_Base_SetConfig
                0x08001db0       0x68 Drivers/STM32F1xx_HAL_Driver/Src/stm32f1xx_hal_tim.o
                0x08001db0                TIM_Base_SetConfig
 .text.HAL_TIM_Base_Init
                0x08001e18       0x38 Drivers/STM32F1xx_HAL_Driver/Src/stm32f1xx_hal_tim.o
                0x08001e18                HAL_TIM_Base_Init
 .text.HAL_TIMEx_CommutationCallback
                0x08001e50        0x4 Drivers/STM32F1xx_HAL_Driver/Src/stm32f1xx_hal_tim_ex.o
                0x08001e50                HAL_TIMEx_CommutationCallback
 .text.HAL_TIMEx_BreakCallback
                0x08001e54        0x4 Drivers/STM32F1xx_HAL_Driver/Src/stm32f1xx_hal_tim_ex.o
                0x08001e54                HAL_TIMEx_BreakCallback
 .text.UART_Transmit_IT
                0x08001e58       0x6c Drivers/STM32F1xx_HAL_Driver/Src/stm32f1xx_hal_uart.o
 .text.UART_SetConfig
                0x08001ec4      0x1bc Drivers/STM32F1xx_HAL_Driver/Src/stm32f1xx_hal_uart.o
 .text.HAL_UART_Init
                0x08002080       0x60 Drivers/STM32F1xx_HAL_Driver/Src/stm32f1xx_hal_uart.o
                0x08002080                HAL_UART_Init
 .text.HAL_UART_DeInit
                0x080020e0       0x3c Drivers/STM32F1xx_HAL_Driver/Src/stm32f1xx_hal_uart.o
                0x080020e0                HAL_UART_DeInit
 .text.HAL_UART_Receive_IT
                0x0800211c       0x80 Drivers/STM32F1xx_HAL_Driver/Src/stm32f1xx_hal_uart.o
                0x0800211c                HAL_UART_Receive_IT
 .text.HAL_UART_Transmit_DMA
                0x0800219c       0xa0 Drivers/STM32F1xx_HAL_Driver/Src/stm32f1xx_hal_uart.o
                0x0800219c                HAL_UART_Transmit_DMA
 .text.UART_DMATransmitCplt
                0x0800223c       0x30 Drivers/STM32F1xx_HAL_Driver/Src/stm32f1xx_hal_uart.o
 .text.UART_EndTransmit_IT
                0x0800226c       0x2c Drivers/STM32F1xx_HAL_Driver/Src/stm32f1xx_hal_uart.o
 .text.HAL_UART_TxHalfCpltCallback
                0x08002298        0x4 Drivers/STM32F1xx_HAL_Driver/Src/stm32f1xx_hal_uart.o
                0x08002298                HAL_UART_TxHalfCpltCallback
 .text.UART_DMATxHalfCplt
                0x0800229c        0xc Drivers/STM32F1xx_HAL_Driver/Src/stm32f1xx_hal_uart.o
 .text.UART_Receive_IT
                0x080022a8       0xb4 Drivers/STM32F1xx_HAL_Driver/Src/stm32f1xx_hal_uart.o
 .text.UART_DMAError
                0x0800235c       0x20 Drivers/STM32F1xx_HAL_Driver/Src/stm32f1xx_hal_uart.o
 .text.HAL_UART_IRQHandler
                0x0800237c       0xc4 Drivers/STM32F1xx_HAL_Driver/Src/stm32f1xx_hal_uart.o
                0x0800237c                HAL_UART_IRQHandler
 .text.USB_CoreInit
                0x08002440       0x10 Drivers/STM32F1xx_HAL_Driver/Src/stm32f1xx_ll_usb.o
                0x08002440                USB_CoreInit
 .text.USB_EnableGlobalInt
                0x08002450       0x14 Drivers/STM32F1xx_HAL_Driver/Src/stm32f1xx_ll_usb.o
                0x08002450                USB_EnableGlobalInt
 .text.USB_DisableGlobalInt
                0x08002464       0x14 Drivers/STM32F1xx_HAL_Driver/Src/stm32f1xx_ll_usb.o
                0x08002464                USB_DisableGlobalInt
 .text.USB_SetCurrentMode
                0x08002478        0x4 Drivers/STM32F1xx_HAL_Driver/Src/stm32f1xx_ll_usb.o
                0x08002478                USB_SetCurrentMode
 .text.USB_DevInit
                0x0800247c       0x28 Drivers/STM32F1xx_HAL_Driver/Src/stm32f1xx_ll_usb.o
                0x0800247c                USB_DevInit
 .text.USB_ActivateEndpoint
                0x080024a4      0x33c Drivers/STM32F1xx_HAL_Driver/Src/stm32f1xx_ll_usb.o
                0x080024a4                USB_ActivateEndpoint
 .text.USB_DeactivateEndpoint
                0x080027e0      0x1d0 Drivers/STM32F1xx_HAL_Driver/Src/stm32f1xx_ll_usb.o
                0x080027e0                USB_DeactivateEndpoint
 .text.USB_EPSetStall
                0x080029b0       0x70 Drivers/STM32F1xx_HAL_Driver/Src/stm32f1xx_ll_usb.o
                0x080029b0                USB_EPSetStall
 .text.USB_EPClearStall
                0x08002a20       0x98 Drivers/STM32F1xx_HAL_Driver/Src/stm32f1xx_ll_usb.o
                0x08002a20                USB_EPClearStall
 .text.USB_SetDevAddress
                0x08002ab8        0xc Drivers/STM32F1xx_HAL_Driver/Src/stm32f1xx_ll_usb.o
                0x08002ab8                USB_SetDevAddress
 .text.USB_DevConnect
                0x08002ac4        0x4 Drivers/STM32F1xx_HAL_Driver/Src/stm32f1xx_ll_usb.o
                0x08002ac4                USB_DevConnect
 .text.USB_DevDisconnect
                0x08002ac8        0x4 Drivers/STM32F1xx_HAL_Driver/Src/stm32f1xx_ll_usb.o
                0x08002ac8                USB_DevDisconnect
 .text.USB_ReadInterrupts
                0x08002acc        0x8 Drivers/STM32F1xx_HAL_Driver/Src/stm32f1xx_ll_usb.o
                0x08002acc                USB_ReadInterrupts
 .text.USB_EP0_OutStart
                0x08002ad4        0x4 Drivers/STM32F1xx_HAL_Driver/Src/stm32f1xx_ll_usb.o
                0x08002ad4                USB_EP0_OutStart
 .text.USB_WritePMA
                0x08002ad8       0x28 Drivers/STM32F1xx_HAL_Driver/Src/stm32f1xx_ll_usb.o
                0x08002ad8                USB_WritePMA
 .text.USB_EPStartXfer
                0x08002b00      0x2e8 Drivers/STM32F1xx_HAL_Driver/Src/stm32f1xx_ll_usb.o
                0x08002b00                USB_EPStartXfer
 .text.USB_ReadPMA
                0x08002de8       0x20 Drivers/STM32F1xx_HAL_Driver/Src/stm32f1xx_ll_usb.o
                0x08002de8                USB_ReadPMA
 .text.USBD_CDC_DataIn
                0x08002e08       0x14 Middlewares/ST/STM32_USB_Device_Library/Class/CDC/Src/usbd_cdc.o
 .text.USBD_CDC_EP0_RxReady
                0x08002e1c       0x28 Middlewares/ST/STM32_USB_Device_Library/Class/CDC/Src/usbd_cdc.o
 .text.USBD_CDC_GetFSCfgDesc
                0x08002e44        0xc Middlewares/ST/STM32_USB_Device_Library/Class/CDC/Src/usbd_cdc.o
 .text.USBD_CDC_GetHSCfgDesc
                0x08002e50        0xc Middlewares/ST/STM32_USB_Device_Library/Class/CDC/Src/usbd_cdc.o
 .text.USBD_CDC_GetOtherSpeedCfgDesc
                0x08002e5c        0xc Middlewares/ST/STM32_USB_Device_Library/Class/CDC/Src/usbd_cdc.o
 .text.USBD_CDC_GetDeviceQualifierDescriptor
                0x08002e68        0xc Middlewares/ST/STM32_USB_Device_Library/Class/CDC/Src/usbd_cdc.o
                0x08002e68                USBD_CDC_GetDeviceQualifierDescriptor
 .text.USBD_CDC_DataOut
                0x08002e74       0x30 Middlewares/ST/STM32_USB_Device_Library/Class/CDC/Src/usbd_cdc.o
 .text.USBD_CDC_Setup
                0x08002ea4       0x74 Middlewares/ST/STM32_USB_Device_Library/Class/CDC/Src/usbd_cdc.o
 .text.USBD_CDC_DeInit
                0x08002f18       0x3c Middlewares/ST/STM32_USB_Device_Library/Class/CDC/Src/usbd_cdc.o
 .text.USBD_CDC_Init
                0x08002f54       0x98 Middlewares/ST/STM32_USB_Device_Library/Class/CDC/Src/usbd_cdc.o
 .text.USBD_CDC_RegisterInterface
                0x08002fec       0x10 Middlewares/ST/STM32_USB_Device_Library/Class/CDC/Src/usbd_cdc.o
                0x08002fec                USBD_CDC_RegisterInterface
 .text.USBD_CDC_SetTxBuffer
                0x08002ffc       0x10 Middlewares/ST/STM32_USB_Device_Library/Class/CDC/Src/usbd_cdc.o
                0x08002ffc                USBD_CDC_SetTxBuffer
 .text.USBD_CDC_SetRxBuffer
                0x0800300c        0xc Middlewares/ST/STM32_USB_Device_Library/Class/CDC/Src/usbd_cdc.o
                0x0800300c                USBD_CDC_SetRxBuffer
 .text.USBD_CDC_TransmitPacket
                0x08003018       0x30 Middlewares/ST/STM32_USB_Device_Library/Class/CDC/Src/usbd_cdc.o
                0x08003018                USBD_CDC_TransmitPacket
 .text.USBD_CDC_ReceivePacket
                0x08003048       0x34 Middlewares/ST/STM32_USB_Device_Library/Class/CDC/Src/usbd_cdc.o
                0x08003048                USBD_CDC_ReceivePacket
 .text.USBD_Init
                0x0800307c       0x30 Middlewares/ST/STM32_USB_Device_Library/Core/Src/usbd_core.o
                0x0800307c                USBD_Init
 .text.USBD_RegisterClass
                0x080030ac       0x10 Middlewares/ST/STM32_USB_Device_Library/Core/Src/usbd_core.o
                0x080030ac                USBD_RegisterClass
 .text.USBD_Start
                0x080030bc        0xc Middlewares/ST/STM32_USB_Device_Library/Core/Src/usbd_core.o
                0x080030bc                USBD_Start
 .text.USBD_SetClassConfig
                0x080030c8       0x1c Middlewares/ST/STM32_USB_Device_Library/Core/Src/usbd_core.o
                0x080030c8                USBD_SetClassConfig
 .text.USBD_ClrClassConfig
                0x080030e4       0x10 Middlewares/ST/STM32_USB_Device_Library/Core/Src/usbd_core.o
                0x080030e4                USBD_ClrClassConfig
 .text.USBD_LL_SetupStage
                0x080030f4       0x5c Middlewares/ST/STM32_USB_Device_Library/Core/Src/usbd_core.o
                0x080030f4                USBD_LL_SetupStage
 .text.USBD_LL_DataOutStage
                0x08003150       0x68 Middlewares/ST/STM32_USB_Device_Library/Core/Src/usbd_core.o
                0x08003150                USBD_LL_DataOutStage
 .text.USBD_LL_DataInStage
                0x080031b8       0xac Middlewares/ST/STM32_USB_Device_Library/Core/Src/usbd_core.o
                0x080031b8                USBD_LL_DataInStage
 .text.USBD_LL_Reset
                0x08003264       0x40 Middlewares/ST/STM32_USB_Device_Library/Core/Src/usbd_core.o
                0x08003264                USBD_LL_Reset
 .text.USBD_LL_SetSpeed
                0x080032a4        0x8 Middlewares/ST/STM32_USB_Device_Library/Core/Src/usbd_core.o
                0x080032a4                USBD_LL_SetSpeed
 .text.USBD_LL_Suspend
                0x080032ac       0x14 Middlewares/ST/STM32_USB_Device_Library/Core/Src/usbd_core.o
                0x080032ac                USBD_LL_Suspend
 .text.USBD_LL_Resume
                0x080032c0        0xc Middlewares/ST/STM32_USB_Device_Library/Core/Src/usbd_core.o
                0x080032c0                USBD_LL_Resume
 .text.USBD_LL_SOF
                0x080032cc       0x18 Middlewares/ST/STM32_USB_Device_Library/Core/Src/usbd_core.o
                0x080032cc                USBD_LL_SOF
 .text.USBD_GetLen
                0x080032e4       0x14 Middlewares/ST/STM32_USB_Device_Library/Core/Src/usbd_ctlreq.o
 .text.USBD_SetFeature
                0x080032f8       0x20 Middlewares/ST/STM32_USB_Device_Library/Core/Src/usbd_ctlreq.o
 .text.USBD_ParseSetupRequest
                0x08003318       0x28 Middlewares/ST/STM32_USB_Device_Library/Core/Src/usbd_ctlreq.o
                0x08003318                USBD_ParseSetupRequest
 .text.USBD_CtlError
                0x08003340       0x14 Middlewares/ST/STM32_USB_Device_Library/Core/Src/usbd_ctlreq.o
                0x08003340                USBD_CtlError
 .text.USBD_GetDescriptor
                0x08003354      0x130 Middlewares/ST/STM32_USB_Device_Library/Core/Src/usbd_ctlreq.o
 .text.USBD_SetAddress
                0x08003484       0x4c Middlewares/ST/STM32_USB_Device_Library/Core/Src/usbd_ctlreq.o
 .text.USBD_SetConfig
                0x080034d0       0xa8 Middlewares/ST/STM32_USB_Device_Library/Core/Src/usbd_ctlreq.o
 .text.USBD_GetConfig
                0x08003578       0x3c Middlewares/ST/STM32_USB_Device_Library/Core/Src/usbd_ctlreq.o
 .text.USBD_GetStatus
                0x080035b4       0x2c Middlewares/ST/STM32_USB_Device_Library/Core/Src/usbd_ctlreq.o
 .text.USBD_ClrFeature
                0x080035e0       0x30 Middlewares/ST/STM32_USB_Device_Library/Core/Src/usbd_ctlreq.o
 .text.USBD_StdDevReq
                0x08003610       0x48 Middlewares/ST/STM32_USB_Device_Library/Core/Src/usbd_ctlreq.o
                0x08003610                USBD_StdDevReq
 .text.USBD_StdItfReq
                0x08003658       0x38 Middlewares/ST/STM32_USB_Device_Library/Core/Src/usbd_ctlreq.o
                0x08003658                USBD_StdItfReq
 .text.USBD_StdEPReq
                0x08003690      0x11c Middlewares/ST/STM32_USB_Device_Library/Core/Src/usbd_ctlreq.o
                0x08003690                USBD_StdEPReq
 .text.USBD_GetString
                0x080037ac       0x3c Middlewares/ST/STM32_USB_Device_Library/Core/Src/usbd_ctlreq.o
                0x080037ac                USBD_GetString
 .text.USBD_CtlSendData
                0x080037e8       0x1c Middlewares/ST/STM32_USB_Device_Library/Core/Src/usbd_ioreq.o
                0x080037e8                USBD_CtlSendData
 .text.USBD_CtlContinueSendData
                0x08003804       0x10 Middlewares/ST/STM32_USB_Device_Library/Core/Src/usbd_ioreq.o
                0x08003804                USBD_CtlContinueSendData
 .text.USBD_CtlPrepareRx
                0x08003814       0x20 Middlewares/ST/STM32_USB_Device_Library/Core/Src/usbd_ioreq.o
                0x08003814                USBD_CtlPrepareRx
 .text.USBD_CtlContinueRx
                0x08003834       0x10 Middlewares/ST/STM32_USB_Device_Library/Core/Src/usbd_ioreq.o
                0x08003834                USBD_CtlContinueRx
 .text.USBD_CtlSendStatus
                0x08003844       0x18 Middlewares/ST/STM32_USB_Device_Library/Core/Src/usbd_ioreq.o
                0x08003844                USBD_CtlSendStatus
 .text.USBD_CtlReceiveStatus
                0x0800385c       0x18 Middlewares/ST/STM32_USB_Device_Library/Core/Src/usbd_ioreq.o
                0x0800385c                USBD_CtlReceiveStatus
 .text.MX_GPIO_Init
                0x08003874       0x48 Src/main.o
                0x08003874                MX_GPIO_Init
 .text.Error_Handler
                0x080038bc        0x4 Src/main.o
                0x080038bc                Error_Handler
 .text.SystemClock_Config
                0x080038c0       0x74 Src/main.o
                0x080038c0                SystemClock_Config
 .text.main     0x08003934       0x50 Src/main.o
                0x08003934                main
 .text.Toggle_Leds
                0x08003984       0x28 Src/main.o
                0x08003984                Toggle_Leds
 .text.HAL_UART_MspInit
                0x080039ac       0xf8 Src/stm32f1xx_hal_msp.o
                0x080039ac                HAL_UART_MspInit
 .text.HAL_UART_MspDeInit
                0x08003aa4       0x50 Src/stm32f1xx_hal_msp.o
                0x08003aa4                HAL_UART_MspDeInit
 .text.NMI_Handler
                0x08003af4        0x4 Src/stm32f1xx_it.o
                0x08003af4                NMI_Handler
 .text.HardFault_Handler
                0x08003af8        0x4 Src/stm32f1xx_it.o
                0x08003af8                HardFault_Handler
 .text.MemManage_Handler
                0x08003afc        0x4 Src/stm32f1xx_it.o
                0x08003afc                MemManage_Handler
 .text.BusFault_Handler
                0x08003b00        0x4 Src/stm32f1xx_it.o
                0x08003b00                BusFault_Handler
 .text.UsageFault_Handler
                0x08003b04        0x4 Src/stm32f1xx_it.o
                0x08003b04                UsageFault_Handler
 .text.SVC_Handler
                0x08003b08        0x4 Src/stm32f1xx_it.o
                0x08003b08                SVC_Handler
 .text.DebugMon_Handler
                0x08003b0c        0x4 Src/stm32f1xx_it.o
                0x08003b0c                DebugMon_Handler
 .text.PendSV_Handler
                0x08003b10        0x4 Src/stm32f1xx_it.o
                0x08003b10                PendSV_Handler
 .text.SysTick_Handler
                0x08003b14        0x8 Src/stm32f1xx_it.o
                0x08003b14                SysTick_Handler
 .text.USB_LP_CAN1_RX0_IRQHandler
                0x08003b1c       0x10 Src/stm32f1xx_it.o
                0x08003b1c                USB_LP_CAN1_RX0_IRQHandler
 .text.DMA1_Channel4_IRQHandler
                0x08003b2c       0x10 Src/stm32f1xx_it.o
                0x08003b2c                DMA1_Channel4_IRQHandler
 .text.USART1_IRQHandler
                0x08003b3c       0x10 Src/stm32f1xx_it.o
                0x08003b3c                USART1_IRQHandler
 .text.TIM3_IRQHandler
                0x08003b4c       0x10 Src/stm32f1xx_it.o
                0x08003b4c                TIM3_IRQHandler
 .text.SystemInit
                0x08003b5c       0x4c Src/system_stm32f1xx.o
                0x08003b5c                SystemInit
 .text.CDC_Itf_Receive
                0x08003ba8       0x14 Src/usbd_cdc_if.o
 .text.CDC_Itf_DeInit
                0x08003bbc       0x18 Src/usbd_cdc_if.o
 .text.ComPort_Config
                0x08003bd4       0xd4 Src/usbd_cdc_if.o
 .text.CDC_Itf_Control
                0x08003ca8       0x5c Src/usbd_cdc_if.o
 .text.TIM_Config
                0x08003d04       0x2c Src/usbd_cdc_if.o
 .text.CDC_Itf_Init
                0x08003d30       0x78 Src/usbd_cdc_if.o
 .text.HAL_TIM_PeriodElapsedCallback
                0x08003da8       0x50 Src/usbd_cdc_if.o
                0x08003da8                HAL_TIM_PeriodElapsedCallback
 .text.HAL_UART_RxCpltCallback
                0x08003df8       0x34 Src/usbd_cdc_if.o
                0x08003df8                HAL_UART_RxCpltCallback
 .text.HAL_UART_TxCpltCallback
                0x08003e2c       0x14 Src/usbd_cdc_if.o
                0x08003e2c                HAL_UART_TxCpltCallback
 .text.HAL_UART_ErrorCallback
                0x08003e40        0x8 Src/usbd_cdc_if.o
                0x08003e40                HAL_UART_ErrorCallback
 .text.HAL_PCD_MspInit
                0x08003e48       0x88 Src/usbd_conf.o
                0x08003e48                HAL_PCD_MspInit
 .text.HAL_PCD_SetupStageCallback
                0x08003ed0       0x10 Src/usbd_conf.o
                0x08003ed0                HAL_PCD_SetupStageCallback
 .text.HAL_PCD_DataOutStageCallback
                0x08003ee0       0x14 Src/usbd_conf.o
                0x08003ee0                HAL_PCD_DataOutStageCallback
 .text.HAL_PCD_DataInStageCallback
                0x08003ef4       0x14 Src/usbd_conf.o
                0x08003ef4                HAL_PCD_DataInStageCallback
 .text.HAL_PCD_SOFCallback
                0x08003f08        0xc Src/usbd_conf.o
                0x08003f08                HAL_PCD_SOFCallback
 .text.HAL_PCD_ResetCallback
                0x08003f14       0x18 Src/usbd_conf.o
                0x08003f14                HAL_PCD_ResetCallback
 .text.HAL_PCD_SuspendCallback
                0x08003f2c        0xc Src/usbd_conf.o
                0x08003f2c                HAL_PCD_SuspendCallback
 .text.HAL_PCD_ResumeCallback
                0x08003f38        0xc Src/usbd_conf.o
                0x08003f38                HAL_PCD_ResumeCallback
 .text.USBD_LL_Init
                0x08003f44       0x7c Src/usbd_conf.o
                0x08003f44                USBD_LL_Init
 .text.USBD_LL_Start
                0x08003fc0       0x10 Src/usbd_conf.o
                0x08003fc0                USBD_LL_Start
 .text.USBD_LL_OpenEP
                0x08003fd0       0x14 Src/usbd_conf.o
                0x08003fd0                USBD_LL_OpenEP
 .text.USBD_LL_CloseEP
                0x08003fe4       0x10 Src/usbd_conf.o
                0x08003fe4                USBD_LL_CloseEP
 .text.USBD_LL_StallEP
                0x08003ff4       0x10 Src/usbd_conf.o
                0x08003ff4                USBD_LL_StallEP
 .text.USBD_LL_ClearStallEP
                0x08004004       0x10 Src/usbd_conf.o
                0x08004004                USBD_LL_ClearStallEP
 .text.USBD_LL_IsStallEP
                0x08004014       0x28 Src/usbd_conf.o
                0x08004014                USBD_LL_IsStallEP
 .text.USBD_LL_SetUSBAddress
                0x0800403c       0x10 Src/usbd_conf.o
                0x0800403c                USBD_LL_SetUSBAddress
 .text.USBD_LL_Transmit
                0x0800404c       0x10 Src/usbd_conf.o
                0x0800404c                USBD_LL_Transmit
 .text.USBD_LL_PrepareReceive
                0x0800405c       0x10 Src/usbd_conf.o
                0x0800405c                USBD_LL_PrepareReceive
 .text.USBD_LL_GetRxDataSize
                0x0800406c        0xc Src/usbd_conf.o
                0x0800406c                USBD_LL_GetRxDataSize
 .text.USBD_static_malloc
                0x08004078        0x8 Src/usbd_conf.o
                0x08004078                USBD_static_malloc
 .text.USBD_static_free
                0x08004080        0x4 Src/usbd_conf.o
                0x08004080                USBD_static_free
 .text.HAL_PCDEx_SetConnectionState
                0x08004084       0x24 Src/usbd_conf.o
                0x08004084                HAL_PCDEx_SetConnectionState
 .text.USBD_VCP_DeviceDescriptor
                0x080040a8        0xc Src/usbd_desc.o
                0x080040a8                USBD_VCP_DeviceDescriptor
 .text.USBD_VCP_LangIDStrDescriptor
                0x080040b4        0xc Src/usbd_desc.o
                0x080040b4                USBD_VCP_LangIDStrDescriptor
 .text.IntToUnicode
                0x080040c0       0x30 Src/usbd_desc.o
 .text.Get_SerialNum
                0x080040f0       0x38 Src/usbd_desc.o
 .text.USBD_VCP_SerialStrDescriptor
                0x08004128       0x14 Src/usbd_desc.o
                0x08004128                USBD_VCP_SerialStrDescriptor
 .text.USBD_VCP_ProductStrDescriptor
                0x0800413c       0x1c Src/usbd_desc.o
                0x0800413c                USBD_VCP_ProductStrDescriptor
 .text.USBD_VCP_ManufacturerStrDescriptor
                0x08004158       0x1c Src/usbd_desc.o
                0x08004158                USBD_VCP_ManufacturerStrDescriptor
 .text.USBD_VCP_ConfigStrDescriptor
                0x08004174       0x1c Src/usbd_desc.o
                0x08004174                USBD_VCP_ConfigStrDescriptor
 .text.USBD_VCP_InterfaceStrDescriptor
                0x08004190       0x1c Src/usbd_desc.o
                0x08004190                USBD_VCP_InterfaceStrDescriptor
 .text.Reset_Handler
                0x080041ac       0x48 startup/startup_stm32f103xb.o
                0x080041ac                Reset_Handler
 .text.Default_Handler
                0x080041f4        0x2 startup/startup_stm32f103xb.o
                0x080041f4                RTC_Alarm_IRQHandler
                0x080041f4                EXTI2_IRQHandler
                0x080041f4                TIM1_CC_IRQHandler
                0x080041f4                PVD_IRQHandler
                0x080041f4                EXTI3_IRQHandler
                0x080041f4                EXTI0_IRQHandler
                0x080041f4                I2C2_EV_IRQHandler
                0x080041f4                ADC1_2_IRQHandler
                0x080041f4                SPI1_IRQHandler
                0x080041f4                TAMPER_IRQHandler
                0x080041f4                USART3_IRQHandler
                0x080041f4                RTC_IRQHandler
                0x080041f4                DMA1_Channel7_IRQHandler
                0x080041f4                CAN1_RX1_IRQHandler
                0x080041f4                TIM4_IRQHandler
                0x080041f4                I2C1_EV_IRQHandler
                0x080041f4                DMA1_Channel6_IRQHandler
                0x080041f4                RCC_IRQHandler
                0x080041f4                TIM1_TRG_COM_IRQHandler
                0x080041f4                DMA1_Channel1_IRQHandler
                0x080041f4                Default_Handler
                0x080041f4                EXTI15_10_IRQHandler
                0x080041f4                EXTI9_5_IRQHandler
                0x080041f4                SPI2_IRQHandler
                0x080041f4                DMA1_Channel5_IRQHandler
                0x080041f4                EXTI4_IRQHandler
                0x080041f4                USB_HP_CAN1_TX_IRQHandler
                0x080041f4                DMA1_Channel3_IRQHandler
                0x080041f4                TIM1_UP_IRQHandler
                0x080041f4                WWDG_IRQHandler
                0x080041f4                TIM2_IRQHandler
                0x080041f4                TIM1_BRK_IRQHandler
                0x080041f4                EXTI1_IRQHandler
                0x080041f4                USART2_IRQHandler
                0x080041f4                I2C2_ER_IRQHandler
                0x080041f4                DMA1_Channel2_IRQHandler
                0x080041f4                CAN1_SCE_IRQHandler
                0x080041f4                FLASH_IRQHandler
                0x080041f4                I2C1_ER_IRQHandler
                0x080041f4                USBWakeUp_IRQHandler
 *fill*         0x080041f6        0x2 
 .text.__libc_init_array
                0x080041f8       0x4c /home/ayush/Ac6/SystemWorkbench/plugins/fr.ac6.mcu.externaltools.arm-none.linux64_1.13.1.201705091103/tools/compiler/bin/../lib/gcc/arm-none-eabi/5.4.1/../../../../arm-none-eabi/lib/armv7-m/libc_nano.a(lib_a-init.o)
                0x080041f8                __libc_init_array
 .text.memset   0x08004244       0x10 /home/ayush/Ac6/SystemWorkbench/plugins/fr.ac6.mcu.externaltools.arm-none.linux64_1.13.1.201705091103/tools/compiler/bin/../lib/gcc/arm-none-eabi/5.4.1/../../../../arm-none-eabi/lib/armv7-m/libc_nano.a(lib_a-memset.o)
                0x08004244                memset
 *(.glue_7)
 .glue_7        0x08004254        0x0 linker stubs
 *(.glue_7t)
 .glue_7t       0x08004254        0x0 linker stubs
 *(.eh_frame)
 .eh_frame      0x08004254        0x0 /home/ayush/Ac6/SystemWorkbench/plugins/fr.ac6.mcu.externaltools.arm-none.linux64_1.13.1.201705091103/tools/compiler/bin/../lib/gcc/arm-none-eabi/5.4.1/armv7-m/crtbegin.o
 *(.init)
 .init          0x08004254        0x4 /home/ayush/Ac6/SystemWorkbench/plugins/fr.ac6.mcu.externaltools.arm-none.linux64_1.13.1.201705091103/tools/compiler/bin/../lib/gcc/arm-none-eabi/5.4.1/armv7-m/crti.o
                0x08004254                _init
 .init          0x08004258        0x8 /home/ayush/Ac6/SystemWorkbench/plugins/fr.ac6.mcu.externaltools.arm-none.linux64_1.13.1.201705091103/tools/compiler/bin/../lib/gcc/arm-none-eabi/5.4.1/armv7-m/crtn.o
 *(.fini)
 .fini          0x08004260        0x4 /home/ayush/Ac6/SystemWorkbench/plugins/fr.ac6.mcu.externaltools.arm-none.linux64_1.13.1.201705091103/tools/compiler/bin/../lib/gcc/arm-none-eabi/5.4.1/armv7-m/crti.o
                0x08004260                _fini
 .fini          0x08004264        0x8 /home/ayush/Ac6/SystemWorkbench/plugins/fr.ac6.mcu.externaltools.arm-none.linux64_1.13.1.201705091103/tools/compiler/bin/../lib/gcc/arm-none-eabi/5.4.1/armv7-m/crtn.o
                0x0800426c                . = ALIGN (0x4)
                0x0800426c                _etext = .

.vfp11_veneer   0x0800426c        0x0
 .vfp11_veneer  0x0800426c        0x0 linker stubs

.v4_bx          0x0800426c        0x0
 .v4_bx         0x0800426c        0x0 linker stubs

.iplt           0x0800426c        0x0
 .iplt          0x0800426c        0x0 /home/ayush/Ac6/SystemWorkbench/plugins/fr.ac6.mcu.externaltools.arm-none.linux64_1.13.1.201705091103/tools/compiler/bin/../lib/gcc/arm-none-eabi/5.4.1/armv7-m/crtbegin.o

.rodata         0x0800426c       0x9c
                0x0800426c                . = ALIGN (0x4)
 *(.rodata)
 .rodata        0x0800426c       0x12 Drivers/STM32F1xx_HAL_Driver/Src/stm32f1xx_hal_rcc.o
 *fill*         0x0800427e        0x2 
 .rodata        0x08004280       0x18 Src/system_stm32f1xx.o
                0x08004280                AHBPrescTable
                0x08004290                APBPrescTable
 .rodata        0x08004298       0x18 Src/usbd_desc.o
                0x08004298                hUSBDDeviceDesc
                0x080042ac                USBD_LangIDDesc
 *(.rodata*)
 .rodata.str1.4
                0x080042b0       0x58 Src/usbd_desc.o
                                 0x56 (size before relaxing)
                0x08004308                . = ALIGN (0x4)

.rel.dyn        0x08004308        0x0
 .rel.iplt      0x08004308        0x0 /home/ayush/Ac6/SystemWorkbench/plugins/fr.ac6.mcu.externaltools.arm-none.linux64_1.13.1.201705091103/tools/compiler/bin/../lib/gcc/arm-none-eabi/5.4.1/armv7-m/crtbegin.o

.ARM.extab
 *(.ARM.extab* .gnu.linkonce.armextab.*)

.ARM            0x08004308        0x0
                0x08004308                __exidx_start = .
 *(.ARM.exidx*)
                0x08004308                __exidx_end = .

.preinit_array  0x08004308        0x0
                0x08004308                PROVIDE (__preinit_array_start, .)
 *(.preinit_array*)
                0x08004308                PROVIDE (__preinit_array_end, .)

.init_array     0x08004308        0x4
                0x08004308                PROVIDE (__init_array_start, .)
 *(SORT(.init_array.*))
 *(.init_array*)
 .init_array    0x08004308        0x4 /home/ayush/Ac6/SystemWorkbench/plugins/fr.ac6.mcu.externaltools.arm-none.linux64_1.13.1.201705091103/tools/compiler/bin/../lib/gcc/arm-none-eabi/5.4.1/armv7-m/crtbegin.o
                0x0800430c                PROVIDE (__init_array_end, .)

.fini_array     0x0800430c        0x4
                [!provide]                PROVIDE (__fini_array_start, .)
 *(SORT(.fini_array.*))
 *(.fini_array*)
 .fini_array    0x0800430c        0x4 /home/ayush/Ac6/SystemWorkbench/plugins/fr.ac6.mcu.externaltools.arm-none.linux64_1.13.1.201705091103/tools/compiler/bin/../lib/gcc/arm-none-eabi/5.4.1/armv7-m/crtbegin.o
                [!provide]                PROVIDE (__fini_array_end, .)
                0x08004310                _sidata = LOADADDR (.data)

.data           0x20000000      0x164 load address 0x08004310
                0x20000000                . = ALIGN (0x4)
                0x20000000                _sdata = .
 *(.data)
 .data          0x20000000      0x110 Middlewares/ST/STM32_USB_Device_Library/Class/CDC/Src/usbd_cdc.o
                0x20000000                USBD_CDC_CfgFSDesc
                0x20000044                USBD_CDC_CfgHSDesc
                0x20000088                USBD_CDC_OtherSpeedCfgDesc
                0x200000d8                USBD_CDC
 .data          0x20000110        0x4 Src/system_stm32f1xx.o
                0x20000110                SystemCoreClock
 .data          0x20000114       0x18 Src/usbd_cdc_if.o
                0x20000114                LineCoding
                0x2000011c                USBD_CDC_fops
 .data          0x2000012c       0x38 Src/usbd_desc.o
                0x2000012c                USBD_StringSerial
                0x20000148                VCP_Desc
 *(.data*)
                0x20000164                . = ALIGN (0x4)
                0x20000164                _edata = .

.jcr            0x20000164        0x0 load address 0x08004474
 .jcr           0x20000164        0x0 /home/ayush/Ac6/SystemWorkbench/plugins/fr.ac6.mcu.externaltools.arm-none.linux64_1.13.1.201705091103/tools/compiler/bin/../lib/gcc/arm-none-eabi/5.4.1/armv7-m/crtbegin.o

.igot.plt       0x20000164        0x0 load address 0x08004474
 .igot.plt      0x20000164        0x0 /home/ayush/Ac6/SystemWorkbench/plugins/fr.ac6.mcu.externaltools.arm-none.linux64_1.13.1.201705091103/tools/compiler/bin/../lib/gcc/arm-none-eabi/5.4.1/armv7-m/crtbegin.o
                0x20000164                . = ALIGN (0x4)

.bss            0x20000164     0x1a5c load address 0x08004474
                0x20000164                _sbss = .
                0x20000164                __bss_start__ = _sbss
 *(.bss)
 .bss           0x20000164       0x1c /home/ayush/Ac6/SystemWorkbench/plugins/fr.ac6.mcu.externaltools.arm-none.linux64_1.13.1.201705091103/tools/compiler/bin/../lib/gcc/arm-none-eabi/5.4.1/armv7-m/crtbegin.o
 .bss           0x20000180        0x4 Drivers/STM32F1xx_HAL_Driver/Src/stm32f1xx_hal.o
 .bss           0x20000184        0x1 Middlewares/ST/STM32_USB_Device_Library/Class/CDC/Src/usbd_cdc.o
 .bss           0x20000185        0x1 Middlewares/ST/STM32_USB_Device_Library/Core/Src/usbd_ctlreq.o
 *fill*         0x20000186        0x2 
 .bss           0x20000188        0x4 Src/main.o
 .bss           0x2000018c       0x38 Src/stm32f1xx_hal_msp.o
 .bss           0x200001c4        0x8 Src/usbd_cdc_if.o
                0x200001c4                UserTxBufPtrIn
                0x200001c8                UserTxBufPtrOut
 .bss           0x200001cc      0x230 Src/usbd_conf.o
 *(.bss*)
 *(COMMON)
 COMMON         0x200003fc      0x224 Src/main.o
                0x200003fc                USBD_Device
 COMMON         0x20000620     0x1080 Src/usbd_cdc_if.o
                0x20000620                BuffLength
                0x20000624                UartHandle
                0x20000664                UserTxBuffer
                0x20000e64                UserRxBuffer
                0x20001664                TimHandle
 COMMON         0x200016a0      0x420 Src/usbd_conf.o
                0x200016a0                hpcd
 COMMON         0x20001ac0      0x100 Src/usbd_desc.o
                0x20001ac0                USBD_StrDesc
                0x20001bc0                . = ALIGN (0x4)
                0x20001bc0                _ebss = .
                0x20001bc0                __bss_end__ = _ebss

._user_heap_stack
                0x20001bc0      0x600 load address 0x08004474
                0x20001bc0                . = ALIGN (0x8)
                [!provide]                PROVIDE (end, .)
                [!provide]                PROVIDE (_end, .)
                0x20001dc0                . = (. + _Min_Heap_Size)
 *fill*         0x20001bc0      0x200 
                0x200021c0                . = (. + _Min_Stack_Size)
 *fill*         0x20001dc0      0x400 
                0x200021c0                . = ALIGN (0x8)

/DISCARD/
 libc.a(*)
 libm.a(*)
 libgcc.a(*)

.ARM.attributes
                0x00000000       0x29
 *(.ARM.attributes)
 .ARM.attributes
                0x00000000       0x1d /home/ayush/Ac6/SystemWorkbench/plugins/fr.ac6.mcu.externaltools.arm-none.linux64_1.13.1.201705091103/tools/compiler/bin/../lib/gcc/arm-none-eabi/5.4.1/armv7-m/crti.o
 .ARM.attributes
                0x0000001d       0x2d /home/ayush/Ac6/SystemWorkbench/plugins/fr.ac6.mcu.externaltools.arm-none.linux64_1.13.1.201705091103/tools/compiler/bin/../lib/gcc/arm-none-eabi/5.4.1/armv7-m/crtbegin.o
 .ARM.attributes
                0x0000004a       0x33 Drivers/STM32F1xx_HAL_Driver/Src/stm32f1xx_hal.o
 .ARM.attributes
                0x0000007d       0x33 Drivers/STM32F1xx_HAL_Driver/Src/stm32f1xx_hal_cortex.o
 .ARM.attributes
                0x000000b0       0x33 Drivers/STM32F1xx_HAL_Driver/Src/stm32f1xx_hal_dma.o
 .ARM.attributes
                0x000000e3       0x33 Drivers/STM32F1xx_HAL_Driver/Src/stm32f1xx_hal_gpio.o
 .ARM.attributes
                0x00000116       0x33 Drivers/STM32F1xx_HAL_Driver/Src/stm32f1xx_hal_pcd.o
 .ARM.attributes
                0x00000149       0x33 Drivers/STM32F1xx_HAL_Driver/Src/stm32f1xx_hal_pcd_ex.o
 .ARM.attributes
                0x0000017c       0x33 Drivers/STM32F1xx_HAL_Driver/Src/stm32f1xx_hal_rcc.o
 .ARM.attributes
                0x000001af       0x33 Drivers/STM32F1xx_HAL_Driver/Src/stm32f1xx_hal_rcc_ex.o
 .ARM.attributes
                0x000001e2       0x33 Drivers/STM32F1xx_HAL_Driver/Src/stm32f1xx_hal_tim.o
 .ARM.attributes
                0x00000215       0x33 Drivers/STM32F1xx_HAL_Driver/Src/stm32f1xx_hal_tim_ex.o
 .ARM.attributes
                0x00000248       0x33 Drivers/STM32F1xx_HAL_Driver/Src/stm32f1xx_hal_uart.o
 .ARM.attributes
                0x0000027b       0x33 Drivers/STM32F1xx_HAL_Driver/Src/stm32f1xx_ll_usb.o
 .ARM.attributes
                0x000002ae       0x33 Middlewares/ST/STM32_USB_Device_Library/Class/CDC/Src/usbd_cdc.o
 .ARM.attributes
                0x000002e1       0x33 Middlewares/ST/STM32_USB_Device_Library/Core/Src/usbd_core.o
 .ARM.attributes
                0x00000314       0x33 Middlewares/ST/STM32_USB_Device_Library/Core/Src/usbd_ctlreq.o
 .ARM.attributes
                0x00000347       0x33 Middlewares/ST/STM32_USB_Device_Library/Core/Src/usbd_ioreq.o
 .ARM.attributes
                0x0000037a       0x33 Src/main.o
 .ARM.attributes
                0x000003ad       0x33 Src/stm32f1xx_hal_msp.o
 .ARM.attributes
                0x000003e0       0x33 Src/stm32f1xx_it.o
 .ARM.attributes
                0x00000413       0x33 Src/system_stm32f1xx.o
 .ARM.attributes
                0x00000446       0x33 Src/usbd_cdc_if.o
 .ARM.attributes
                0x00000479       0x33 Src/usbd_conf.o
 .ARM.attributes
                0x000004ac       0x33 Src/usbd_desc.o
 .ARM.attributes
                0x000004df       0x21 startup/startup_stm32f103xb.o
 .ARM.attributes
                0x00000500       0x2d /home/ayush/Ac6/SystemWorkbench/plugins/fr.ac6.mcu.externaltools.arm-none.linux64_1.13.1.201705091103/tools/compiler/bin/../lib/gcc/arm-none-eabi/5.4.1/../../../../arm-none-eabi/lib/armv7-m/libc_nano.a(lib_a-init.o)
 .ARM.attributes
                0x0000052d       0x2d /home/ayush/Ac6/SystemWorkbench/plugins/fr.ac6.mcu.externaltools.arm-none.linux64_1.13.1.201705091103/tools/compiler/bin/../lib/gcc/arm-none-eabi/5.4.1/../../../../arm-none-eabi/lib/armv7-m/libc_nano.a(lib_a-memset.o)
 .ARM.attributes
                0x0000055a       0x1d /home/ayush/Ac6/SystemWorkbench/plugins/fr.ac6.mcu.externaltools.arm-none.linux64_1.13.1.201705091103/tools/compiler/bin/../lib/gcc/arm-none-eabi/5.4.1/armv7-m/crtn.o
OUTPUT(USB_Serial_Bridge.elf elf32-littlearm)

.debug_info     0x00000000    0x12d65
 .debug_info    0x00000000      0x699 Drivers/STM32F1xx_HAL_Driver/Src/stm32f1xx_hal.o
 .debug_info    0x00000699      0xc33 Drivers/STM32F1xx_HAL_Driver/Src/stm32f1xx_hal_cortex.o
 .debug_info    0x000012cc      0x645 Drivers/STM32F1xx_HAL_Driver/Src/stm32f1xx_hal_dma.o
 .debug_info    0x00001911      0x608 Drivers/STM32F1xx_HAL_Driver/Src/stm32f1xx_hal_gpio.o
 .debug_info    0x00001f19     0x1186 Drivers/STM32F1xx_HAL_Driver/Src/stm32f1xx_hal_pcd.o
 .debug_info    0x0000309f      0x5a9 Drivers/STM32F1xx_HAL_Driver/Src/stm32f1xx_hal_pcd_ex.o
 .debug_info    0x00003648     0x12ab Drivers/STM32F1xx_HAL_Driver/Src/stm32f1xx_hal_rcc.o
 .debug_info    0x000048f3      0x587 Drivers/STM32F1xx_HAL_Driver/Src/stm32f1xx_hal_rcc_ex.o
 .debug_info    0x00004e7a     0x2d8a Drivers/STM32F1xx_HAL_Driver/Src/stm32f1xx_hal_tim.o
 .debug_info    0x00007c04     0x11e6 Drivers/STM32F1xx_HAL_Driver/Src/stm32f1xx_hal_tim_ex.o
 .debug_info    0x00008dea     0x10f5 Drivers/STM32F1xx_HAL_Driver/Src/stm32f1xx_hal_uart.o
 .debug_info    0x00009edf      0xeed Drivers/STM32F1xx_HAL_Driver/Src/stm32f1xx_ll_usb.o
 .debug_info    0x0000adcc      0xd07 Middlewares/ST/STM32_USB_Device_Library/Class/CDC/Src/usbd_cdc.o
 .debug_info    0x0000bad3      0xc42 Middlewares/ST/STM32_USB_Device_Library/Core/Src/usbd_core.o
 .debug_info    0x0000c715      0xdfb Middlewares/ST/STM32_USB_Device_Library/Core/Src/usbd_ctlreq.o
 .debug_info    0x0000d510      0x765 Middlewares/ST/STM32_USB_Device_Library/Core/Src/usbd_ioreq.o
 .debug_info    0x0000dc75      0xb12 Src/main.o
 .debug_info    0x0000e787      0x994 Src/stm32f1xx_hal_msp.o
 .debug_info    0x0000f11b      0xc31 Src/stm32f1xx_it.o
 .debug_info    0x0000fd4c      0x3eb Src/system_stm32f1xx.o
 .debug_info    0x00010137     0x108e Src/usbd_cdc_if.o
 .debug_info    0x000111c5     0x160c Src/usbd_conf.o
 .debug_info    0x000127d1      0x527 Src/usbd_desc.o
 .debug_info    0x00012cf8       0x6d startup/startup_stm32f103xb.o

.debug_abbrev   0x00000000     0x2e7b
 .debug_abbrev  0x00000000      0x21f Drivers/STM32F1xx_HAL_Driver/Src/stm32f1xx_hal.o
 .debug_abbrev  0x0000021f      0x2bd Drivers/STM32F1xx_HAL_Driver/Src/stm32f1xx_hal_cortex.o
 .debug_abbrev  0x000004dc      0x1f2 Drivers/STM32F1xx_HAL_Driver/Src/stm32f1xx_hal_dma.o
 .debug_abbrev  0x000006ce      0x1cd Drivers/STM32F1xx_HAL_Driver/Src/stm32f1xx_hal_gpio.o
 .debug_abbrev  0x0000089b      0x28c Drivers/STM32F1xx_HAL_Driver/Src/stm32f1xx_hal_pcd.o
 .debug_abbrev  0x00000b27      0x16e Drivers/STM32F1xx_HAL_Driver/Src/stm32f1xx_hal_pcd_ex.o
 .debug_abbrev  0x00000c95      0x287 Drivers/STM32F1xx_HAL_Driver/Src/stm32f1xx_hal_rcc.o
 .debug_abbrev  0x00000f1c      0x217 Drivers/STM32F1xx_HAL_Driver/Src/stm32f1xx_hal_rcc_ex.o
 .debug_abbrev  0x00001133      0x22a Drivers/STM32F1xx_HAL_Driver/Src/stm32f1xx_hal_tim.o
 .debug_abbrev  0x0000135d      0x21b Drivers/STM32F1xx_HAL_Driver/Src/stm32f1xx_hal_tim_ex.o
 .debug_abbrev  0x00001578      0x228 Drivers/STM32F1xx_HAL_Driver/Src/stm32f1xx_hal_uart.o
 .debug_abbrev  0x000017a0      0x1c6 Drivers/STM32F1xx_HAL_Driver/Src/stm32f1xx_ll_usb.o
 .debug_abbrev  0x00001966      0x24a Middlewares/ST/STM32_USB_Device_Library/Class/CDC/Src/usbd_cdc.o
 .debug_abbrev  0x00001bb0      0x1ef Middlewares/ST/STM32_USB_Device_Library/Core/Src/usbd_core.o
 .debug_abbrev  0x00001d9f      0x26c Middlewares/ST/STM32_USB_Device_Library/Core/Src/usbd_ctlreq.o
 .debug_abbrev  0x0000200b      0x158 Middlewares/ST/STM32_USB_Device_Library/Core/Src/usbd_ioreq.o
 .debug_abbrev  0x00002163      0x225 Src/main.o
 .debug_abbrev  0x00002388      0x17d Src/stm32f1xx_hal_msp.o
 .debug_abbrev  0x00002505      0x1b3 Src/stm32f1xx_it.o
 .debug_abbrev  0x000026b8      0x125 Src/system_stm32f1xx.o
 .debug_abbrev  0x000027dd      0x27c Src/usbd_cdc_if.o
 .debug_abbrev  0x00002a59      0x286 Src/usbd_conf.o
 .debug_abbrev  0x00002cdf      0x18a Src/usbd_desc.o
 .debug_abbrev  0x00002e69       0x12 startup/startup_stm32f103xb.o

.debug_loc      0x00000000     0xa2ac
 .debug_loc     0x00000000       0x81 Drivers/STM32F1xx_HAL_Driver/Src/stm32f1xx_hal.o
 .debug_loc     0x00000081      0x527 Drivers/STM32F1xx_HAL_Driver/Src/stm32f1xx_hal_cortex.o
 .debug_loc     0x000005a8      0x417 Drivers/STM32F1xx_HAL_Driver/Src/stm32f1xx_hal_dma.o
 .debug_loc     0x000009bf      0x377 Drivers/STM32F1xx_HAL_Driver/Src/stm32f1xx_hal_gpio.o
 .debug_loc     0x00000d36      0x9f2 Drivers/STM32F1xx_HAL_Driver/Src/stm32f1xx_hal_pcd.o
 .debug_loc     0x00001728       0xd3 Drivers/STM32F1xx_HAL_Driver/Src/stm32f1xx_hal_pcd_ex.o
 .debug_loc     0x000017fb      0x8e9 Drivers/STM32F1xx_HAL_Driver/Src/stm32f1xx_hal_rcc.o
 .debug_loc     0x000020e4      0x347 Drivers/STM32F1xx_HAL_Driver/Src/stm32f1xx_hal_rcc_ex.o
 .debug_loc     0x0000242b     0x32a5 Drivers/STM32F1xx_HAL_Driver/Src/stm32f1xx_hal_tim.o
 .debug_loc     0x000056d0      0xbdb Drivers/STM32F1xx_HAL_Driver/Src/stm32f1xx_hal_tim_ex.o
 .debug_loc     0x000062ab     0x1009 Drivers/STM32F1xx_HAL_Driver/Src/stm32f1xx_hal_uart.o
 .debug_loc     0x000072b4      0xb8a Drivers/STM32F1xx_HAL_Driver/Src/stm32f1xx_ll_usb.o
 .debug_loc     0x00007e3e      0x4b1 Middlewares/ST/STM32_USB_Device_Library/Class/CDC/Src/usbd_cdc.o
 .debug_loc     0x000082ef      0x629 Middlewares/ST/STM32_USB_Device_Library/Core/Src/usbd_core.o
 .debug_loc     0x00008918      0xb12 Middlewares/ST/STM32_USB_Device_Library/Core/Src/usbd_ctlreq.o
 .debug_loc     0x0000942a      0x23c Middlewares/ST/STM32_USB_Device_Library/Core/Src/usbd_ioreq.o
 .debug_loc     0x00009666       0x4d Src/stm32f1xx_hal_msp.o
 .debug_loc     0x000096b3       0xdf Src/system_stm32f1xx.o
 .debug_loc     0x00009792      0x1bf Src/usbd_cdc_if.o
 .debug_loc     0x00009951      0x6ec Src/usbd_conf.o
 .debug_loc     0x0000a03d      0x26f Src/usbd_desc.o

.debug_aranges  0x00000000     0x1020
 .debug_aranges
                0x00000000       0xb0 Drivers/STM32F1xx_HAL_Driver/Src/stm32f1xx_hal.o
 .debug_aranges
                0x000000b0       0x90 Drivers/STM32F1xx_HAL_Driver/Src/stm32f1xx_hal_cortex.o
 .debug_aranges
                0x00000140       0x68 Drivers/STM32F1xx_HAL_Driver/Src/stm32f1xx_hal_dma.o
 .debug_aranges
                0x000001a8       0x58 Drivers/STM32F1xx_HAL_Driver/Src/stm32f1xx_hal_gpio.o
 .debug_aranges
                0x00000200      0x120 Drivers/STM32F1xx_HAL_Driver/Src/stm32f1xx_hal_pcd.o
 .debug_aranges
                0x00000320       0x28 Drivers/STM32F1xx_HAL_Driver/Src/stm32f1xx_hal_pcd_ex.o
 .debug_aranges
                0x00000348       0x88 Drivers/STM32F1xx_HAL_Driver/Src/stm32f1xx_hal_rcc.o
 .debug_aranges
                0x000003d0       0x30 Drivers/STM32F1xx_HAL_Driver/Src/stm32f1xx_hal_rcc_ex.o
 .debug_aranges
                0x00000400      0x368 Drivers/STM32F1xx_HAL_Driver/Src/stm32f1xx_hal_tim.o
 .debug_aranges
                0x00000768      0x138 Drivers/STM32F1xx_HAL_Driver/Src/stm32f1xx_hal_tim_ex.o
 .debug_aranges
                0x000008a0      0x150 Drivers/STM32F1xx_HAL_Driver/Src/stm32f1xx_hal_uart.o
 .debug_aranges
                0x000009f0      0x100 Drivers/STM32F1xx_HAL_Driver/Src/stm32f1xx_ll_usb.o
 .debug_aranges
                0x00000af0       0x90 Middlewares/ST/STM32_USB_Device_Library/Class/CDC/Src/usbd_cdc.o
 .debug_aranges
                0x00000b80       0xb8 Middlewares/ST/STM32_USB_Device_Library/Core/Src/usbd_core.o
 .debug_aranges
                0x00000c38       0x88 Middlewares/ST/STM32_USB_Device_Library/Core/Src/usbd_ctlreq.o
 .debug_aranges
                0x00000cc0       0x50 Middlewares/ST/STM32_USB_Device_Library/Core/Src/usbd_ioreq.o
 .debug_aranges
                0x00000d10       0x40 Src/main.o
 .debug_aranges
                0x00000d50       0x28 Src/stm32f1xx_hal_msp.o
 .debug_aranges
                0x00000d78       0x80 Src/stm32f1xx_it.o
 .debug_aranges
                0x00000df8       0x28 Src/system_stm32f1xx.o
 .debug_aranges
                0x00000e20       0x68 Src/usbd_cdc_if.o
 .debug_aranges
                0x00000e88      0x110 Src/usbd_conf.o
 .debug_aranges
                0x00000f98       0x60 Src/usbd_desc.o
 .debug_aranges
                0x00000ff8       0x28 startup/startup_stm32f103xb.o

.debug_ranges   0x00000000      0xea8
 .debug_ranges  0x00000000       0xa0 Drivers/STM32F1xx_HAL_Driver/Src/stm32f1xx_hal.o
 .debug_ranges  0x000000a0       0x80 Drivers/STM32F1xx_HAL_Driver/Src/stm32f1xx_hal_cortex.o
 .debug_ranges  0x00000120       0x58 Drivers/STM32F1xx_HAL_Driver/Src/stm32f1xx_hal_dma.o
 .debug_ranges  0x00000178       0x48 Drivers/STM32F1xx_HAL_Driver/Src/stm32f1xx_hal_gpio.o
 .debug_ranges  0x000001c0      0x110 Drivers/STM32F1xx_HAL_Driver/Src/stm32f1xx_hal_pcd.o
 .debug_ranges  0x000002d0       0x18 Drivers/STM32F1xx_HAL_Driver/Src/stm32f1xx_hal_pcd_ex.o
 .debug_ranges  0x000002e8       0x78 Drivers/STM32F1xx_HAL_Driver/Src/stm32f1xx_hal_rcc.o
 .debug_ranges  0x00000360       0x20 Drivers/STM32F1xx_HAL_Driver/Src/stm32f1xx_hal_rcc_ex.o
 .debug_ranges  0x00000380      0x358 Drivers/STM32F1xx_HAL_Driver/Src/stm32f1xx_hal_tim.o
 .debug_ranges  0x000006d8      0x128 Drivers/STM32F1xx_HAL_Driver/Src/stm32f1xx_hal_tim_ex.o
 .debug_ranges  0x00000800      0x140 Drivers/STM32F1xx_HAL_Driver/Src/stm32f1xx_hal_uart.o
 .debug_ranges  0x00000940       0xf0 Drivers/STM32F1xx_HAL_Driver/Src/stm32f1xx_ll_usb.o
 .debug_ranges  0x00000a30       0x80 Middlewares/ST/STM32_USB_Device_Library/Class/CDC/Src/usbd_cdc.o
 .debug_ranges  0x00000ab0       0xa8 Middlewares/ST/STM32_USB_Device_Library/Core/Src/usbd_core.o
 .debug_ranges  0x00000b58       0x78 Middlewares/ST/STM32_USB_Device_Library/Core/Src/usbd_ctlreq.o
 .debug_ranges  0x00000bd0       0x40 Middlewares/ST/STM32_USB_Device_Library/Core/Src/usbd_ioreq.o
 .debug_ranges  0x00000c10       0x30 Src/main.o
 .debug_ranges  0x00000c40       0x18 Src/stm32f1xx_hal_msp.o
 .debug_ranges  0x00000c58       0x70 Src/stm32f1xx_it.o
 .debug_ranges  0x00000cc8       0x18 Src/system_stm32f1xx.o
 .debug_ranges  0x00000ce0       0x58 Src/usbd_cdc_if.o
 .debug_ranges  0x00000d38      0x100 Src/usbd_conf.o
 .debug_ranges  0x00000e38       0x50 Src/usbd_desc.o
 .debug_ranges  0x00000e88       0x20 startup/startup_stm32f103xb.o

.debug_macro    0x00000000    0x1bf1e
 .debug_macro   0x00000000      0x313 Drivers/STM32F1xx_HAL_Driver/Src/stm32f1xx_hal.o
 .debug_macro   0x00000313      0x880 Drivers/STM32F1xx_HAL_Driver/Src/stm32f1xx_hal.o
 .debug_macro   0x00000b93       0x80 Drivers/STM32F1xx_HAL_Driver/Src/stm32f1xx_hal.o
 .debug_macro   0x00000c13       0x2e Drivers/STM32F1xx_HAL_Driver/Src/stm32f1xx_hal.o
 .debug_macro   0x00000c41       0x22 Drivers/STM32F1xx_HAL_Driver/Src/stm32f1xx_hal.o
 .debug_macro   0x00000c63       0x22 Drivers/STM32F1xx_HAL_Driver/Src/stm32f1xx_hal.o
 .debug_macro   0x00000c85       0x87 Drivers/STM32F1xx_HAL_Driver/Src/stm32f1xx_hal.o
 .debug_macro   0x00000d0c       0x44 Drivers/STM32F1xx_HAL_Driver/Src/stm32f1xx_hal.o
 .debug_macro   0x00000d50       0xfd Drivers/STM32F1xx_HAL_Driver/Src/stm32f1xx_hal.o
 .debug_macro   0x00000e4d       0x5e Drivers/STM32F1xx_HAL_Driver/Src/stm32f1xx_hal.o
 .debug_macro   0x00000eab      0x1df Drivers/STM32F1xx_HAL_Driver/Src/stm32f1xx_hal.o
 .debug_macro   0x0000108a       0x34 Drivers/STM32F1xx_HAL_Driver/Src/stm32f1xx_hal.o
 .debug_macro   0x000010be       0x34 Drivers/STM32F1xx_HAL_Driver/Src/stm32f1xx_hal.o
 .debug_macro   0x000010f2      0xb8e Drivers/STM32F1xx_HAL_Driver/Src/stm32f1xx_hal.o
 .debug_macro   0x00001c80     0xf2f7 Drivers/STM32F1xx_HAL_Driver/Src/stm32f1xx_hal.o
 .debug_macro   0x00010f77       0x43 Drivers/STM32F1xx_HAL_Driver/Src/stm32f1xx_hal.o
 .debug_macro   0x00010fba     0x3383 Drivers/STM32F1xx_HAL_Driver/Src/stm32f1xx_hal.o
 .debug_macro   0x0001433d       0x52 Drivers/STM32F1xx_HAL_Driver/Src/stm32f1xx_hal.o
 .debug_macro   0x0001438f       0x35 Drivers/STM32F1xx_HAL_Driver/Src/stm32f1xx_hal.o
 .debug_macro   0x000143c4       0x9c Drivers/STM32F1xx_HAL_Driver/Src/stm32f1xx_hal.o
 .debug_macro   0x00014460       0x16 Drivers/STM32F1xx_HAL_Driver/Src/stm32f1xx_hal.o
 .debug_macro   0x00014476       0x97 Drivers/STM32F1xx_HAL_Driver/Src/stm32f1xx_hal.o
 .debug_macro   0x0001450d      0x30d Drivers/STM32F1xx_HAL_Driver/Src/stm32f1xx_hal.o
 .debug_macro   0x0001481a       0xfd Drivers/STM32F1xx_HAL_Driver/Src/stm32f1xx_hal.o
 .debug_macro   0x00014917       0x10 Drivers/STM32F1xx_HAL_Driver/Src/stm32f1xx_hal.o
 .debug_macro   0x00014927       0x52 Drivers/STM32F1xx_HAL_Driver/Src/stm32f1xx_hal.o
 .debug_macro   0x00014979       0x1f Drivers/STM32F1xx_HAL_Driver/Src/stm32f1xx_hal.o
 .debug_macro   0x00014998       0x43 Drivers/STM32F1xx_HAL_Driver/Src/stm32f1xx_hal.o
 .debug_macro   0x000149db       0x20 Drivers/STM32F1xx_HAL_Driver/Src/stm32f1xx_hal.o
 .debug_macro   0x000149fb      0x187 Drivers/STM32F1xx_HAL_Driver/Src/stm32f1xx_hal.o
 .debug_macro   0x00014b82       0x10 Drivers/STM32F1xx_HAL_Driver/Src/stm32f1xx_hal.o
 .debug_macro   0x00014b92       0x1c Drivers/STM32F1xx_HAL_Driver/Src/stm32f1xx_hal.o
 .debug_macro   0x00014bae       0x52 Drivers/STM32F1xx_HAL_Driver/Src/stm32f1xx_hal.o
 .debug_macro   0x00014c00       0x40 Drivers/STM32F1xx_HAL_Driver/Src/stm32f1xx_hal.o
 .debug_macro   0x00014c40       0x10 Drivers/STM32F1xx_HAL_Driver/Src/stm32f1xx_hal.o
 .debug_macro   0x00014c50       0x40 Drivers/STM32F1xx_HAL_Driver/Src/stm32f1xx_hal.o
 .debug_macro   0x00014c90       0xd7 Drivers/STM32F1xx_HAL_Driver/Src/stm32f1xx_hal.o
 .debug_macro   0x00014d67       0x16 Drivers/STM32F1xx_HAL_Driver/Src/stm32f1xx_hal.o
 .debug_macro   0x00014d7d      0x18b Drivers/STM32F1xx_HAL_Driver/Src/stm32f1xx_hal.o
 .debug_macro   0x00014f08       0x50 Drivers/STM32F1xx_HAL_Driver/Src/stm32f1xx_hal.o
 .debug_macro   0x00014f58      0x778 Drivers/STM32F1xx_HAL_Driver/Src/stm32f1xx_hal.o
 .debug_macro   0x000156d0      0x28b Drivers/STM32F1xx_HAL_Driver/Src/stm32f1xx_hal.o
 .debug_macro   0x0001595b      0x141 Drivers/STM32F1xx_HAL_Driver/Src/stm32f1xx_hal.o
 .debug_macro   0x00015a9c      0x197 Drivers/STM32F1xx_HAL_Driver/Src/stm32f1xx_hal.o
 .debug_macro   0x00015c33      0x1ae Drivers/STM32F1xx_HAL_Driver/Src/stm32f1xx_hal.o
 .debug_macro   0x00015de1       0x2d Drivers/STM32F1xx_HAL_Driver/Src/stm32f1xx_hal.o
 .debug_macro   0x00015e0e       0x3c Drivers/STM32F1xx_HAL_Driver/Src/stm32f1xx_hal.o
 .debug_macro   0x00015e4a       0x57 Drivers/STM32F1xx_HAL_Driver/Src/stm32f1xx_hal.o
 .debug_macro   0x00015ea1       0x8c Drivers/STM32F1xx_HAL_Driver/Src/stm32f1xx_hal.o
 .debug_macro   0x00015f2d      0x242 Drivers/STM32F1xx_HAL_Driver/Src/stm32f1xx_hal.o
 .debug_macro   0x0001616f      0x143 Drivers/STM32F1xx_HAL_Driver/Src/stm32f1xx_hal.o
 .debug_macro   0x000162b2      0x83e Drivers/STM32F1xx_HAL_Driver/Src/stm32f1xx_hal.o
 .debug_macro   0x00016af0       0x11 Drivers/STM32F1xx_HAL_Driver/Src/stm32f1xx_hal.o
 .debug_macro   0x00016b01      0x256 Drivers/STM32F1xx_HAL_Driver/Src/stm32f1xx_hal.o
 .debug_macro   0x00016d57       0x50 Drivers/STM32F1xx_HAL_Driver/Src/stm32f1xx_hal.o
 .debug_macro   0x00016da7      0x26c Drivers/STM32F1xx_HAL_Driver/Src/stm32f1xx_hal.o
 .debug_macro   0x00017013       0x7c Drivers/STM32F1xx_HAL_Driver/Src/stm32f1xx_hal.o
 .debug_macro   0x0001708f      0x2ef Drivers/STM32F1xx_HAL_Driver/Src/stm32f1xx_hal_cortex.o
 .debug_macro   0x0001737e      0x2f5 Drivers/STM32F1xx_HAL_Driver/Src/stm32f1xx_hal_dma.o
 .debug_macro   0x00017673      0x35f Drivers/STM32F1xx_HAL_Driver/Src/stm32f1xx_hal_gpio.o
 .debug_macro   0x000179d2      0x2fb Drivers/STM32F1xx_HAL_Driver/Src/stm32f1xx_hal_pcd.o
 .debug_macro   0x00017ccd      0x2ef Drivers/STM32F1xx_HAL_Driver/Src/stm32f1xx_hal_pcd_ex.o
 .debug_macro   0x00017fbc      0x313 Drivers/STM32F1xx_HAL_Driver/Src/stm32f1xx_hal_rcc.o
 .debug_macro   0x000182cf      0x2ef Drivers/STM32F1xx_HAL_Driver/Src/stm32f1xx_hal_rcc_ex.o
 .debug_macro   0x000185be      0x2f0 Drivers/STM32F1xx_HAL_Driver/Src/stm32f1xx_hal_tim.o
 .debug_macro   0x000188ae      0x2ef Drivers/STM32F1xx_HAL_Driver/Src/stm32f1xx_hal_tim_ex.o
 .debug_macro   0x00018b9d      0x2f0 Drivers/STM32F1xx_HAL_Driver/Src/stm32f1xx_hal_uart.o
 .debug_macro   0x00018e8d      0x2ef Drivers/STM32F1xx_HAL_Driver/Src/stm32f1xx_ll_usb.o
 .debug_macro   0x0001917c      0x3b0 Middlewares/ST/STM32_USB_Device_Library/Class/CDC/Src/usbd_cdc.o
 .debug_macro   0x0001952c       0x16 Middlewares/ST/STM32_USB_Device_Library/Class/CDC/Src/usbd_cdc.o
 .debug_macro   0x00019542       0x35 Middlewares/ST/STM32_USB_Device_Library/Class/CDC/Src/usbd_cdc.o
 .debug_macro   0x00019577       0x16 Middlewares/ST/STM32_USB_Device_Library/Class/CDC/Src/usbd_cdc.o
 .debug_macro   0x0001958d       0x29 Middlewares/ST/STM32_USB_Device_Library/Class/CDC/Src/usbd_cdc.o
 .debug_macro   0x000195b6       0x16 Middlewares/ST/STM32_USB_Device_Library/Class/CDC/Src/usbd_cdc.o
 .debug_macro   0x000195cc       0x58 Middlewares/ST/STM32_USB_Device_Library/Class/CDC/Src/usbd_cdc.o
 .debug_macro   0x00019624      0x1c3 Middlewares/ST/STM32_USB_Device_Library/Class/CDC/Src/usbd_cdc.o
 .debug_macro   0x000197e7       0x83 Middlewares/ST/STM32_USB_Device_Library/Class/CDC/Src/usbd_cdc.o
 .debug_macro   0x0001986a       0x1c Middlewares/ST/STM32_USB_Device_Library/Class/CDC/Src/usbd_cdc.o
 .debug_macro   0x00019886      0x384 Middlewares/ST/STM32_USB_Device_Library/Core/Src/usbd_core.o
 .debug_macro   0x00019c0a      0x1c9 Middlewares/ST/STM32_USB_Device_Library/Core/Src/usbd_core.o
 .debug_macro   0x00019dd3      0x38e Middlewares/ST/STM32_USB_Device_Library/Core/Src/usbd_ctlreq.o
 .debug_macro   0x0001a161      0x38a Middlewares/ST/STM32_USB_Device_Library/Core/Src/usbd_ioreq.o
 .debug_macro   0x0001a4eb      0x3bd Src/main.o
 .debug_macro   0x0001a8a8       0xa6 Src/main.o
 .debug_macro   0x0001a94e      0x3bd Src/stm32f1xx_hal_msp.o
 .debug_macro   0x0001ad0b      0x3cb Src/stm32f1xx_it.o
 .debug_macro   0x0001b0d6      0x2f5 Src/system_stm32f1xx.o
 .debug_macro   0x0001b3cb      0x3c9 Src/usbd_cdc_if.o
 .debug_macro   0x0001b794      0x3c9 Src/usbd_conf.o
 .debug_macro   0x0001bb5d      0x3c1 Src/usbd_desc.o

.debug_line     0x00000000     0xfbc9
 .debug_line    0x00000000      0x91d Drivers/STM32F1xx_HAL_Driver/Src/stm32f1xx_hal.o
 .debug_line    0x0000091d      0x959 Drivers/STM32F1xx_HAL_Driver/Src/stm32f1xx_hal_cortex.o
 .debug_line    0x00001276      0xb96 Drivers/STM32F1xx_HAL_Driver/Src/stm32f1xx_hal_dma.o
 .debug_line    0x00001e0c      0x943 Drivers/STM32F1xx_HAL_Driver/Src/stm32f1xx_hal_gpio.o
 .debug_line    0x0000274f      0xc80 Drivers/STM32F1xx_HAL_Driver/Src/stm32f1xx_hal_pcd.o
 .debug_line    0x000033cf      0x7ea Drivers/STM32F1xx_HAL_Driver/Src/stm32f1xx_hal_pcd_ex.o
 .debug_line    0x00003bb9      0xc90 Drivers/STM32F1xx_HAL_Driver/Src/stm32f1xx_hal_rcc.o
 .debug_line    0x00004849      0x8ce Drivers/STM32F1xx_HAL_Driver/Src/stm32f1xx_hal_rcc_ex.o
 .debug_line    0x00005117     0x1649 Drivers/STM32F1xx_HAL_Driver/Src/stm32f1xx_hal_tim.o
 .debug_line    0x00006760      0xd5c Drivers/STM32F1xx_HAL_Driver/Src/stm32f1xx_hal_tim_ex.o
 .debug_line    0x000074bc      0xe14 Drivers/STM32F1xx_HAL_Driver/Src/stm32f1xx_hal_uart.o
 .debug_line    0x000082d0      0xbc8 Drivers/STM32F1xx_HAL_Driver/Src/stm32f1xx_ll_usb.o
 .debug_line    0x00008e98      0xaa5 Middlewares/ST/STM32_USB_Device_Library/Class/CDC/Src/usbd_cdc.o
 .debug_line    0x0000993d      0xa8e Middlewares/ST/STM32_USB_Device_Library/Core/Src/usbd_core.o
 .debug_line    0x0000a3cb      0xa8c Middlewares/ST/STM32_USB_Device_Library/Core/Src/usbd_ctlreq.o
 .debug_line    0x0000ae57      0x93b Middlewares/ST/STM32_USB_Device_Library/Core/Src/usbd_ioreq.o
 .debug_line    0x0000b792      0x990 Src/main.o
 .debug_line    0x0000c122      0x96b Src/stm32f1xx_hal_msp.o
 .debug_line    0x0000ca8d      0xa08 Src/stm32f1xx_it.o
 .debug_line    0x0000d495      0x7e1 Src/system_stm32f1xx.o
 .debug_line    0x0000dc76      0xa22 Src/usbd_cdc_if.o
 .debug_line    0x0000e698      0xb5a Src/usbd_conf.o
 .debug_line    0x0000f1f2      0x95a Src/usbd_desc.o
 .debug_line    0x0000fb4c       0x7d startup/startup_stm32f103xb.o

.debug_str      0x00000000    0x91221
 .debug_str     0x00000000    0x8c049 Drivers/STM32F1xx_HAL_Driver/Src/stm32f1xx_hal.o
                              0x8c558 (size before relaxing)
 .debug_str     0x0008c049      0x2cf Drivers/STM32F1xx_HAL_Driver/Src/stm32f1xx_hal_cortex.o
                              0x8c556 (size before relaxing)
 .debug_str     0x0008c318      0x30e Drivers/STM32F1xx_HAL_Driver/Src/stm32f1xx_hal_dma.o
                              0x8c1c4 (size before relaxing)
 .debug_str     0x0008c626      0x44e Drivers/STM32F1xx_HAL_Driver/Src/stm32f1xx_hal_gpio.o
                              0x8c33b (size before relaxing)
 .debug_str     0x0008ca74      0x7af Drivers/STM32F1xx_HAL_Driver/Src/stm32f1xx_hal_pcd.o
                              0x8c71b (size before relaxing)
 .debug_str     0x0008d223       0x57 Drivers/STM32F1xx_HAL_Driver/Src/stm32f1xx_hal_pcd_ex.o
                              0x8c1e8 (size before relaxing)
 .debug_str     0x0008d27a      0x3e2 Drivers/STM32F1xx_HAL_Driver/Src/stm32f1xx_hal_rcc.o
                              0x8c3a6 (size before relaxing)
 .debug_str     0x0008d65c      0x12b Drivers/STM32F1xx_HAL_Driver/Src/stm32f1xx_hal_rcc_ex.o
                              0x8c079 (size before relaxing)
 .debug_str     0x0008d787      0xe84 Drivers/STM32F1xx_HAL_Driver/Src/stm32f1xx_hal_tim.o
                              0x8cfbc (size before relaxing)
 .debug_str     0x0008e60b      0x4d0 Drivers/STM32F1xx_HAL_Driver/Src/stm32f1xx_hal_tim_ex.o
                              0x8c856 (size before relaxing)
 .debug_str     0x0008eadb      0x528 Drivers/STM32F1xx_HAL_Driver/Src/stm32f1xx_hal_uart.o
                              0x8c629 (size before relaxing)
 .debug_str     0x0008f003      0x155 Drivers/STM32F1xx_HAL_Driver/Src/stm32f1xx_ll_usb.o
                              0x8c3bb (size before relaxing)
 .debug_str     0x0008f158     0x12c9 Middlewares/ST/STM32_USB_Device_Library/Class/CDC/Src/usbd_cdc.o
                              0x8d261 (size before relaxing)
 .debug_str     0x00090421      0x294 Middlewares/ST/STM32_USB_Device_Library/Core/Src/usbd_core.o
                              0x8ceca (size before relaxing)
 .debug_str     0x000906b5      0x12e Middlewares/ST/STM32_USB_Device_Library/Core/Src/usbd_ctlreq.o
                              0x8cde4 (size before relaxing)
 .debug_str     0x000907e3       0x51 Middlewares/ST/STM32_USB_Device_Library/Core/Src/usbd_ioreq.o
                              0x8cd11 (size before relaxing)
 .debug_str     0x00090834      0x49c Src/main.o
                              0x8d696 (size before relaxing)
 .debug_str     0x00090cd0       0x23 Src/stm32f1xx_hal_msp.o
                              0x8d6a7 (size before relaxing)
 .debug_str     0x00090cf3       0xcd Src/stm32f1xx_it.o
                              0x8d877 (size before relaxing)
 .debug_str     0x00090dc0       0x61 Src/system_stm32f1xx.o
                              0x8bf6c (size before relaxing)
 .debug_str     0x00090e21      0x135 Src/usbd_cdc_if.o
                              0x8db1e (size before relaxing)
 .debug_str     0x00090f56       0x6a Src/usbd_conf.o
                              0x8de6e (size before relaxing)
 .debug_str     0x00090fc0      0x261 Src/usbd_desc.o
                              0x8cc56 (size before relaxing)

.comment        0x00000000       0x6e
 .comment       0x00000000       0x6e Drivers/STM32F1xx_HAL_Driver/Src/stm32f1xx_hal.o
                                 0x6f (size before relaxing)
 .comment       0x0000006e       0x6f Drivers/STM32F1xx_HAL_Driver/Src/stm32f1xx_hal_cortex.o
 .comment       0x0000006e       0x6f Drivers/STM32F1xx_HAL_Driver/Src/stm32f1xx_hal_dma.o
 .comment       0x0000006e       0x6f Drivers/STM32F1xx_HAL_Driver/Src/stm32f1xx_hal_gpio.o
 .comment       0x0000006e       0x6f Drivers/STM32F1xx_HAL_Driver/Src/stm32f1xx_hal_pcd.o
 .comment       0x0000006e       0x6f Drivers/STM32F1xx_HAL_Driver/Src/stm32f1xx_hal_pcd_ex.o
 .comment       0x0000006e       0x6f Drivers/STM32F1xx_HAL_Driver/Src/stm32f1xx_hal_rcc.o
 .comment       0x0000006e       0x6f Drivers/STM32F1xx_HAL_Driver/Src/stm32f1xx_hal_rcc_ex.o
 .comment       0x0000006e       0x6f Drivers/STM32F1xx_HAL_Driver/Src/stm32f1xx_hal_tim.o
 .comment       0x0000006e       0x6f Drivers/STM32F1xx_HAL_Driver/Src/stm32f1xx_hal_tim_ex.o
 .comment       0x0000006e       0x6f Drivers/STM32F1xx_HAL_Driver/Src/stm32f1xx_hal_uart.o
 .comment       0x0000006e       0x6f Drivers/STM32F1xx_HAL_Driver/Src/stm32f1xx_ll_usb.o
 .comment       0x0000006e       0x6f Middlewares/ST/STM32_USB_Device_Library/Class/CDC/Src/usbd_cdc.o
 .comment       0x0000006e       0x6f Middlewares/ST/STM32_USB_Device_Library/Core/Src/usbd_core.o
 .comment       0x0000006e       0x6f Middlewares/ST/STM32_USB_Device_Library/Core/Src/usbd_ctlreq.o
 .comment       0x0000006e       0x6f Middlewares/ST/STM32_USB_Device_Library/Core/Src/usbd_ioreq.o
 .comment       0x0000006e       0x6f Src/main.o
 .comment       0x0000006e       0x6f Src/stm32f1xx_hal_msp.o
 .comment       0x0000006e       0x6f Src/stm32f1xx_it.o
 .comment       0x0000006e       0x6f Src/system_stm32f1xx.o
 .comment       0x0000006e       0x6f Src/usbd_cdc_if.o
 .comment       0x0000006e       0x6f Src/usbd_conf.o
 .comment       0x0000006e       0x6f Src/usbd_desc.o

.debug_frame    0x00000000     0x28f8
 .debug_frame   0x00000000      0x168 Drivers/STM32F1xx_HAL_Driver/Src/stm32f1xx_hal.o
 .debug_frame   0x00000168      0x124 Drivers/STM32F1xx_HAL_Driver/Src/stm32f1xx_hal_cortex.o
 .debug_frame   0x0000028c      0x10c Drivers/STM32F1xx_HAL_Driver/Src/stm32f1xx_hal_dma.o
 .debug_frame   0x00000398       0xc4 Drivers/STM32F1xx_HAL_Driver/Src/stm32f1xx_hal_gpio.o
 .debug_frame   0x0000045c      0x310 Drivers/STM32F1xx_HAL_Driver/Src/stm32f1xx_hal_pcd.o
 .debug_frame   0x0000076c       0x3c Drivers/STM32F1xx_HAL_Driver/Src/stm32f1xx_hal_pcd_ex.o
 .debug_frame   0x000007a8      0x158 Drivers/STM32F1xx_HAL_Driver/Src/stm32f1xx_hal_rcc.o
 .debug_frame   0x00000900       0x68 Drivers/STM32F1xx_HAL_Driver/Src/stm32f1xx_hal_rcc_ex.o
 .debug_frame   0x00000968      0x9cc Drivers/STM32F1xx_HAL_Driver/Src/stm32f1xx_hal_tim.o
 .debug_frame   0x00001334      0x3b8 Drivers/STM32F1xx_HAL_Driver/Src/stm32f1xx_hal_tim_ex.o
 .debug_frame   0x000016ec      0x378 Drivers/STM32F1xx_HAL_Driver/Src/stm32f1xx_hal_uart.o
 .debug_frame   0x00001a64      0x228 Drivers/STM32F1xx_HAL_Driver/Src/stm32f1xx_ll_usb.o
 .debug_frame   0x00001c8c      0x154 Middlewares/ST/STM32_USB_Device_Library/Class/CDC/Src/usbd_cdc.o
 .debug_frame   0x00001de0      0x1bc Middlewares/ST/STM32_USB_Device_Library/Core/Src/usbd_core.o
 .debug_frame   0x00001f9c      0x178 Middlewares/ST/STM32_USB_Device_Library/Core/Src/usbd_ctlreq.o
 .debug_frame   0x00002114       0xb8 Middlewares/ST/STM32_USB_Device_Library/Core/Src/usbd_ioreq.o
 .debug_frame   0x000021cc       0x90 Src/main.o
 .debug_frame   0x0000225c       0x50 Src/stm32f1xx_hal_msp.o
 .debug_frame   0x000022ac      0x108 Src/stm32f1xx_it.o
 .debug_frame   0x000023b4       0x30 Src/system_stm32f1xx.o
 .debug_frame   0x000023e4      0x104 Src/usbd_cdc_if.o
 .debug_frame   0x000024e8      0x2e4 Src/usbd_conf.o
 .debug_frame   0x000027cc       0xe0 Src/usbd_desc.o
 .debug_frame   0x000028ac       0x2c /home/ayush/Ac6/SystemWorkbench/plugins/fr.ac6.mcu.externaltools.arm-none.linux64_1.13.1.201705091103/tools/compiler/bin/../lib/gcc/arm-none-eabi/5.4.1/../../../../arm-none-eabi/lib/armv7-m/libc_nano.a(lib_a-init.o)
 .debug_frame   0x000028d8       0x20 /home/ayush/Ac6/SystemWorkbench/plugins/fr.ac6.mcu.externaltools.arm-none.linux64_1.13.1.201705091103/tools/compiler/bin/../lib/gcc/arm-none-eabi/5.4.1/../../../../arm-none-eabi/lib/armv7-m/libc_nano.a(lib_a-memset.o)
